Archive member included to satisfy reference by file (symbol)

c:/program files/microchip/xc32/v3.01/bin/bin/../../lib/gcc/pic32c/8.3.1/../../../../pic32c/lib/thumb/v7e-m+fp/hard\libpic32c.a(data_init.o)
                              build/FreeRTOS/production/_ext/161576091/startup_xc32.o (__pic32c_data_initialization)
c:/program files/microchip/xc32/v3.01/bin/bin/../../lib/gcc/pic32c/8.3.1/thumb/v7e-m+fp/hard\libgcc.a(_arm_addsubdf3.o)
                              build/FreeRTOS/production/_ext/540595297/iperf.o (__aeabi_dsub)
c:/program files/microchip/xc32/v3.01/bin/bin/../../lib/gcc/pic32c/8.3.1/thumb/v7e-m+fp/hard\libgcc.a(_arm_muldivdf3.o)
                              build/FreeRTOS/production/_ext/540595297/iperf.o (__aeabi_dmul)
c:/program files/microchip/xc32/v3.01/bin/bin/../../lib/gcc/pic32c/8.3.1/thumb/v7e-m+fp/hard\libgcc.a(_arm_cmpdf2.o)
                              build/FreeRTOS/production/_ext/540595297/iperf.o (__aeabi_dcmpgt)
c:/program files/microchip/xc32/v3.01/bin/bin/../../lib/gcc/pic32c/8.3.1/thumb/v7e-m+fp/hard\libgcc.a(_arm_fixunsdfsi.o)
                              build/FreeRTOS/production/_ext/540595297/iperf.o (__aeabi_d2uiz)
c:/program files/microchip/xc32/v3.01/bin/bin/../../lib/gcc/pic32c/8.3.1/thumb/v7e-m+fp/hard\libgcc.a(_aeabi_uldivmod.o)
                              build/FreeRTOS/production/_ext/540595297/tcp.o (__aeabi_uldivmod)
c:/program files/microchip/xc32/v3.01/bin/bin/../../lib/gcc/pic32c/8.3.1/thumb/v7e-m+fp/hard\libgcc.a(_udivmoddi4.o)
                              c:/program files/microchip/xc32/v3.01/bin/bin/../../lib/gcc/pic32c/8.3.1/thumb/v7e-m+fp/hard\libgcc.a(_aeabi_uldivmod.o) (__udivmoddi4)
c:/program files/microchip/xc32/v3.01/bin/bin/../../lib/gcc/pic32c/8.3.1/thumb/v7e-m+fp/hard\libgcc.a(_dvmd_tls.o)
                              c:/program files/microchip/xc32/v3.01/bin/bin/../../lib/gcc/pic32c/8.3.1/thumb/v7e-m+fp/hard\libgcc.a(_aeabi_uldivmod.o) (__aeabi_ldiv0)
c:/program files/microchip/xc32/v3.01/bin/bin/../../lib/gcc/pic32c/8.3.1/../../../../pic32c/lib/thumb/v7e-m+fp/hard\libc_nano.a(lib_a-assert.o)
                              build/FreeRTOS/production/_ext/1434865757/gfx_mono_text.o (__assert_func)
c:/program files/microchip/xc32/v3.01/bin/bin/../../lib/gcc/pic32c/8.3.1/../../../../pic32c/lib/thumb/v7e-m+fp/hard\libc_nano.a(lib_a-atoi.o)
                              build/FreeRTOS/production/_ext/540595297/tcpip_commands.o (atoi)
c:/program files/microchip/xc32/v3.01/bin/bin/../../lib/gcc/pic32c/8.3.1/../../../../pic32c/lib/thumb/v7e-m+fp/hard\libc_nano.a(lib_a-calloc.o)
                              build/FreeRTOS/production/_ext/161576091/initialization.o (calloc)
c:/program files/microchip/xc32/v3.01/bin/bin/../../lib/gcc/pic32c/8.3.1/../../../../pic32c/lib/thumb/v7e-m+fp/hard\libc_nano.a(lib_a-ctype_.o)
                              build/FreeRTOS/production/_ext/540595297/helpers.o (_ctype_)
c:/program files/microchip/xc32/v3.01/bin/bin/../../lib/gcc/pic32c/8.3.1/../../../../pic32c/lib/thumb/v7e-m+fp/hard\libc_nano.a(lib_a-fprintf.o)
                              c:/program files/microchip/xc32/v3.01/bin/bin/../../lib/gcc/pic32c/8.3.1/../../../../pic32c/lib/thumb/v7e-m+fp/hard\libc_nano.a(lib_a-assert.o) (fiprintf)
c:/program files/microchip/xc32/v3.01/bin/bin/../../lib/gcc/pic32c/8.3.1/../../../../pic32c/lib/thumb/v7e-m+fp/hard\libc_nano.a(lib_a-gmtime.o)
                              build/FreeRTOS/production/_ext/1664057780/asn.o (gmtime)
c:/program files/microchip/xc32/v3.01/bin/bin/../../lib/gcc/pic32c/8.3.1/../../../../pic32c/lib/thumb/v7e-m+fp/hard\libc_nano.a(lib_a-gmtime_r.o)
                              c:/program files/microchip/xc32/v3.01/bin/bin/../../lib/gcc/pic32c/8.3.1/../../../../pic32c/lib/thumb/v7e-m+fp/hard\libc_nano.a(lib_a-gmtime.o) (gmtime_r)
c:/program files/microchip/xc32/v3.01/bin/bin/../../lib/gcc/pic32c/8.3.1/../../../../pic32c/lib/thumb/v7e-m+fp/hard\libc_nano.a(lib_a-impure.o)
                              c:/program files/microchip/xc32/v3.01/bin/bin/../../lib/gcc/pic32c/8.3.1/../../../../pic32c/lib/thumb/v7e-m+fp/hard\libc_nano.a(lib_a-assert.o) (_impure_ptr)
c:/program files/microchip/xc32/v3.01/bin/bin/../../lib/gcc/pic32c/8.3.1/../../../../pic32c/lib/thumb/v7e-m+fp/hard\libc_nano.a(lib_a-init.o)
                              build/FreeRTOS/production/_ext/161576091/startup_xc32.o (__libc_init_array)
c:/program files/microchip/xc32/v3.01/bin/bin/../../lib/gcc/pic32c/8.3.1/../../../../pic32c/lib/thumb/v7e-m+fp/hard\libc_nano.a(lib_a-malloc.o)
                              build/FreeRTOS/production/_ext/1609394304/crypto.o (malloc)
c:/program files/microchip/xc32/v3.01/bin/bin/../../lib/gcc/pic32c/8.3.1/../../../../pic32c/lib/thumb/v7e-m+fp/hard\libc_nano.a(lib_a-memcmp.o)
                              build/FreeRTOS/production/_ext/41526634/drv_gmac.o (memcmp)
[...]
Memory Configuration

Name             Origin             Length             Attributes
rom              0x00000000         0x00100000         xrl
ram              0x20000000         0x00040000         xw !r
tcm              0x03000000         0x00000000         xw
config_00804000  0x00804000         0x00000004
config_00804008  0x00804008         0x00000004
config_00804004  0x00804004         0x00000004
*default*        0x00000000         0xffffffff

Linker script and memory map

LOAD c:/program files/microchip/xc32/v3.01/bin/bin/../../lib/gcc/pic32c/8.3.1/thumb/v7e-m+fp/hard/crti.o
LOAD c:/program files/microchip/xc32/v3.01/bin/bin/../../lib/gcc/pic32c/8.3.1/thumb/v7e-m+fp/hard/crtbegin.o
LOAD build/FreeRTOS/production/_ext/1609394304/crypto.o
LOAD build/FreeRTOS/production/_ext/1231519722/drv_ethphy.o
LOAD build/FreeRTOS/production/_ext/1231519722/drv_extphy_lan867x.o
LOAD build/FreeRTOS/production/_ext/41526634/drv_gmac.o
LOAD build/FreeRTOS/production/_ext/41526634/drv_gmac_lib_samE5x.o
LOAD build/FreeRTOS/production/_ext/1149484450/drv_miim.o
LOAD build/FreeRTOS/production/_ext/540595297/helpers.o
LOAD build/FreeRTOS/production/_ext/540595297/icmp.o
LOAD build/FreeRTOS/production/_ext/540595297/tcp.o
LOAD build/FreeRTOS/production/_ext/540595297/arp.o
LOAD build/FreeRTOS/production/_ext/540595297/tcpip_commands.o
LOAD build/FreeRTOS/production/_ext/540595297/iperf.o
LOAD build/FreeRTOS/production/_ext/540595297/ipv4.o
LOAD build/FreeRTOS/production/_ext/540595297/tcpip_heap_alloc.o
LOAD build/FreeRTOS/production/_ext/540595297/tcpip_heap_internal.o
LOAD build/FreeRTOS/production/_ext/540595297/dhcp.o
LOAD build/FreeRTOS/production/_ext/540595297/dns.o
LOAD build/FreeRTOS/production/_ext/540595297/hash_fnv.o
LOAD build/FreeRTOS/production/_ext/540595297/oahash.o
LOAD build/FreeRTOS/production/_ext/540595297/tcpip_helpers.o
LOAD build/FreeRTOS/production/_ext/540595297/tcpip_manager.o
LOAD build/FreeRTOS/production/_ext/540595297/tcpip_notify.o
LOAD build/FreeRTOS/production/_ext/540595297/tcpip_packet.o
LOAD build/FreeRTOS/production/_ext/540595297/udp.o
LOAD build/FreeRTOS/production/_ext/891571577/osal_freertos.o
LOAD build/FreeRTOS/production/_ext/892004133/plib_clock.o
LOAD build/FreeRTOS/production/_ext/1495245741/plib_cmcc.o
LOAD build/FreeRTOS/production/_ext/894153619/plib_evsys.o
LOAD build/FreeRTOS/production/_ext/1494909205/plib_nvic.o
LOAD build/FreeRTOS/production/_ext/320424729/plib_nvmctrl.o
LOAD build/FreeRTOS/production/_ext/1494856054/plib_port.o
LOAD build/FreeRTOS/production/_ext/1428073114/plib_sercom0_spi_master.o
LOAD build/FreeRTOS/production/_ext/2092608928/plib_sercom1_usart.o
LOAD build/FreeRTOS/production/_ext/579449528/plib_tc0.o
LOAD build/FreeRTOS/production/_ext/1872641887/xc32_monitor.o
LOAD build/FreeRTOS/production/_ext/1107142132/sys_cache.o
LOAD build/FreeRTOS/production/_ext/1005353002/sys_command.o
LOAD build/FreeRTOS/production/_ext/548640822/sys_console_uart.o
LOAD build/FreeRTOS/production/_ext/548640822/sys_console.o
LOAD build/FreeRTOS/production/_ext/147610190/sys_debug.o
LOAD build/FreeRTOS/production/_ext/1690414130/sys_int.o
LOAD build/FreeRTOS/production/_ext/1093154855/sys_reset.o
LOAD build/FreeRTOS/production/_ext/832704728/sys_time.o
LOAD build/FreeRTOS/production/_ext/2072568807/sys_time_h2_adapter.o
LOAD build/FreeRTOS/production/_ext/2072568807/sys_random_h2_adapter.o
LOAD build/FreeRTOS/production/_ext/161576091/tasks.o
LOAD build/FreeRTOS/production/_ext/161576091/initialization.o
LOAD build/FreeRTOS/production/_ext/161576091/interrupts.o
LOAD build/FreeRTOS/production/_ext/161576091/exceptions.o
LOAD build/FreeRTOS/production/_ext/161576091/startup_xc32.o
LOAD build/FreeRTOS/production/_ext/161576091/libc_syscalls.o
LOAD build/FreeRTOS/production/_ext/161576091/freertos_hooks.o
LOAD build/FreeRTOS/production/_ext/246609638/port.o
LOAD build/FreeRTOS/production/_ext/1665200909/heap_1.o
LOAD build/FreeRTOS/production/_ext/404212886/croutine.o
LOAD build/FreeRTOS/production/_ext/404212886/list.o
LOAD build/FreeRTOS/production/_ext/404212886/queue.o
LOAD build/FreeRTOS/production/_ext/404212886/FreeRTOS_tasks.o
LOAD build/FreeRTOS/production/_ext/404212886/timers.o
LOAD build/FreeRTOS/production/_ext/404212886/event_groups.o
LOAD build/FreeRTOS/production/_ext/404212886/stream_buffer.o
LOAD build/FreeRTOS/production/_ext/1434865757/gfx_mono_framebuffer.o
LOAD build/FreeRTOS/production/_ext/1434865757/gfx_mono_generic.o
LOAD build/FreeRTOS/production/_ext/1434865757/gfx_mono_text.o
LOAD build/FreeRTOS/production/_ext/1434865757/gfx_mono_ug_2832hsweg04.o
LOAD build/FreeRTOS/production/_ext/1434865757/gfx_ssd1306.o
LOAD build/FreeRTOS/production/_ext/1434865757/gfx_sysfont.o
LOAD build/FreeRTOS/production/_ext/172253694/pic32mz-crypt.o
LOAD build/FreeRTOS/production/_ext/172253694/crypt_aes_sam6149.o
LOAD build/FreeRTOS/production/_ext/172253694/crypt_aes_u2238.o
LOAD build/FreeRTOS/production/_ext/172253694/crypt_ecc_ba414e.o
LOAD build/FreeRTOS/production/_ext/172253694/crypt_ecc_pukcl.o
LOAD build/FreeRTOS/production/_ext/172253694/crypt_pukcl_functions.o
LOAD build/FreeRTOS/production/_ext/172253694/crypt_rng_sam6334.o
LOAD build/FreeRTOS/production/_ext/172253694/crypt_rng_u2242.o
LOAD build/FreeRTOS/production/_ext/172253694/crypt_rsa_pukcl.o
LOAD build/FreeRTOS/production/_ext/172253694/crypt_sam_u2803.o
LOAD build/FreeRTOS/production/_ext/172253694/crypt_sha1_sam11105.o
LOAD build/FreeRTOS/production/_ext/172253694/crypt_sha1_sam6156.o
LOAD build/FreeRTOS/production/_ext/172253694/crypt_sha224_sam11105.o
LOAD build/FreeRTOS/production/_ext/172253694/crypt_sha224_sam6156.o
LOAD build/FreeRTOS/production/_ext/172253694/crypt_sha256_sam11105.o
LOAD build/FreeRTOS/production/_ext/172253694/crypt_sha256_sam6156.o
LOAD build/FreeRTOS/production/_ext/172253694/crypt_sha384_sam6156.o
LOAD build/FreeRTOS/production/_ext/172253694/crypt_sha512_sam6156.o
LOAD build/FreeRTOS/production/_ext/172253694/crypt_tdes_sam6150.o
LOAD build/FreeRTOS/production/_ext/172253694/crypt_wolfcryptcb.o
LOAD build/FreeRTOS/production/_ext/1664057780/arc4.o
LOAD build/FreeRTOS/production/_ext/1664057780/asm.o
LOAD build/FreeRTOS/production/_ext/1664057780/asn.o
LOAD build/FreeRTOS/production/_ext/1664057780/blake2b.o
LOAD build/FreeRTOS/production/_ext/1664057780/blake2s.o
LOAD build/FreeRTOS/production/_ext/1664057780/camellia.o
LOAD build/FreeRTOS/production/_ext/1664057780/chacha.o
LOAD build/FreeRTOS/production/_ext/1664057780/chacha20_poly1305.o
LOAD build/FreeRTOS/production/_ext/1664057780/cmac.o
LOAD build/FreeRTOS/production/_ext/1664057780/coding.o
LOAD build/FreeRTOS/production/_ext/1664057780/compress.o
LOAD build/FreeRTOS/production/_ext/1664057780/cpuid.o
LOAD build/FreeRTOS/production/_ext/1664057780/cryptocb.o
LOAD build/FreeRTOS/production/_ext/1664057780/curve25519.o
LOAD build/FreeRTOS/production/_ext/1664057780/curve448.o
LOAD build/FreeRTOS/production/_ext/1664057780/dh.o
LOAD build/FreeRTOS/production/_ext/1664057780/dsa.o
LOAD build/FreeRTOS/production/_ext/1664057780/ecc_fp.o
LOAD build/FreeRTOS/production/_ext/1664057780/ed25519.o
LOAD build/FreeRTOS/production/_ext/1664057780/ed448.o
LOAD build/FreeRTOS/production/_ext/1664057780/error.o
LOAD build/FreeRTOS/production/_ext/1664057780/fe_448.o
LOAD build/FreeRTOS/production/_ext/1664057780/fe_low_mem.o
LOAD build/FreeRTOS/production/_ext/1664057780/fe_operations.o
LOAD build/FreeRTOS/production/_ext/1664057780/ge_448.o
LOAD build/FreeRTOS/production/_ext/1664057780/ge_low_mem.o
LOAD build/FreeRTOS/production/_ext/1664057780/ge_operations.o
LOAD build/FreeRTOS/production/_ext/1664057780/hash.o
LOAD build/FreeRTOS/production/_ext/1664057780/hc128.o
LOAD build/FreeRTOS/production/_ext/1664057780/hmac.o
LOAD build/FreeRTOS/production/_ext/1664057780/idea.o
LOAD build/FreeRTOS/production/_ext/1664057780/integer.o
LOAD build/FreeRTOS/production/_ext/1664057780/logging.o
LOAD build/FreeRTOS/production/_ext/1664057780/md2.o
LOAD build/FreeRTOS/production/_ext/1664057780/md4.o
LOAD build/FreeRTOS/production/_ext/1664057780/md5.o
LOAD build/FreeRTOS/production/_ext/1664057780/memory.o
LOAD build/FreeRTOS/production/_ext/1664057780/pkcs12.o
LOAD build/FreeRTOS/production/_ext/1664057780/pkcs7.o
LOAD build/FreeRTOS/production/_ext/1664057780/poly1305.o
LOAD build/FreeRTOS/production/_ext/1664057780/pwdbased.o
LOAD build/FreeRTOS/production/_ext/1664057780/rabbit.o
LOAD build/FreeRTOS/production/_ext/1664057780/rc2.o
LOAD build/FreeRTOS/production/_ext/1664057780/ripemd.o
LOAD build/FreeRTOS/production/_ext/1664057780/rsa.o
LOAD build/FreeRTOS/production/_ext/1664057780/sha3.o
LOAD build/FreeRTOS/production/_ext/1664057780/signature.o
LOAD build/FreeRTOS/production/_ext/1664057780/sp_arm32.o
LOAD build/FreeRTOS/production/_ext/1664057780/sp_arm64.o
LOAD build/FreeRTOS/production/_ext/1664057780/sp_armthumb.o
LOAD build/FreeRTOS/production/_ext/1664057780/sp_c32.o
LOAD build/FreeRTOS/production/_ext/1664057780/sp_c64.o
LOAD build/FreeRTOS/production/_ext/1664057780/sp_cortexm.o
LOAD build/FreeRTOS/production/_ext/1664057780/sp_dsp32.o
LOAD build/FreeRTOS/production/_ext/1664057780/sp_int.o
LOAD build/FreeRTOS/production/_ext/1664057780/sp_x86_64.o
LOAD build/FreeRTOS/production/_ext/1664057780/srp.o
LOAD build/FreeRTOS/production/_ext/1664057780/tfm.o
LOAD build/FreeRTOS/production/_ext/1664057780/wc_dsp.o
LOAD build/FreeRTOS/production/_ext/1664057780/wc_encrypt.o
LOAD build/FreeRTOS/production/_ext/1664057780/wc_pkcs11.o
LOAD build/FreeRTOS/production/_ext/1664057780/wc_port.o
LOAD build/FreeRTOS/production/_ext/1664057780/wolfevent.o
LOAD build/FreeRTOS/production/_ext/1664057780/wolfmath.o
LOAD build/FreeRTOS/production/_ext/1664057780/aes.o
LOAD build/FreeRTOS/production/_ext/1664057780/des3.o
LOAD build/FreeRTOS/production/_ext/1664057780/random.o
LOAD build/FreeRTOS/production/_ext/1664057780/sha.o
LOAD build/FreeRTOS/production/_ext/1664057780/sha256.o
LOAD build/FreeRTOS/production/_ext/1664057780/sha512.o
LOAD build/FreeRTOS/production/_ext/1664057780/ecc.o
LOAD build/FreeRTOS/production/_ext/1360937237/app.o
LOAD build/FreeRTOS/production/_ext/1360937237/main.o
LOAD build/FreeRTOS/production/_ext/1664057780/misc.o
LOAD build/FreeRTOS/production/_ext/1664057780/evp.o
                0x00000001                __MPLAB_BUILD = 0x1
                0x00100000                __rom_end = (ORIGIN (rom) + LENGTH (rom))
                0x20040000                __ram_end = (ORIGIN (ram) + LENGTH (ram))

.config_00804000
                0x00804000        0x4
 *(.config_00804000)
 .config_00804000
                0x00804000        0x4 build/FreeRTOS/production/_ext/161576091/initialization.o
                0x00804000                __config_00804000

.config_00804008
                0x00804008        0x4
 *(.config_00804008)
 .config_00804008
                0x00804008        0x4 build/FreeRTOS/production/_ext/161576091/initialization.o
                0x00804008                __config_00804008

.config_00804004
                0x00804004        0x4
 *(.config_00804004)
 .config_00804004
                0x00804004        0x4 build/FreeRTOS/production/_ext/161576091/initialization.o
                0x00804004                __config_00804004

.vectors        0x00000000      0x264
                0x00000000                . = ALIGN (0x4)
                0x00000000                _sfixed = .
 *(.vectors .vectors.* .vectors_default .vectors_default.*)
 .vectors       0x00000000      0x264 build/FreeRTOS/production/_ext/161576091/interrupts.o
                0x00000000                exception_table
 *(.isr_vector)
 *(.reset*)
 *(.after_vectors)

.text           0x00000264       0x20
                0x00000264                . = ALIGN (0x4)
 *(.glue_7t)
 .glue_7t       0x00000264        0x0 linker stubs
 *(.glue_7)
 .glue_7        0x00000264        0x0 linker stubs
 *(.gnu.linkonce.r.*)
 *(.ARM.extab* .gnu.linkonce.armextab.*)
                0x00000264                . = ALIGN (0x4)
 *(.init)
 .init          0x00000264        0x4 c:/program files/microchip/xc32/v3.01/bin/bin/../../lib/gcc/pic32c/8.3.1/thumb/v7e-m+fp/hard/crti.o
                0x00000264                _init
 .init          0x00000268        0x8 c:/program files/microchip/xc32/v3.01/bin/bin/../../lib/gcc/pic32c/8.3.1/thumb/v7e-m+fp/hard/crtn.o
                0x00000270                . = ALIGN (0x4)
                0x00000270                __preinit_array_start = .
 *(.preinit_array)
                0x00000270                __preinit_array_end = .
                0x00000270                . = ALIGN (0x4)
                0x00000270                __init_array_start = .
 *(SORT_BY_NAME(.init_array.*))
 *(.init_array)
 .init_array    0x00000270        0x4 c:/program files/microchip/xc32/v3.01/bin/bin/../../lib/gcc/pic32c/8.3.1/thumb/v7e-m+fp/hard/crtbegin.o
                0x00000274                __init_array_end = .
                0x00000274                . = ALIGN (0x4)
 *crtbegin.o(.ctors)
 *(EXCLUDE_FILE(*crtend.o) .ctors)
 *(SORT_BY_NAME(.ctors.*))
 *crtend.o(.ctors)
                0x00000274                . = ALIGN (0x4)
 *(.fini)
 .fini          0x00000274        0x4 c:/program files/microchip/xc32/v3.01/bin/bin/../../lib/gcc/pic32c/8.3.1/thumb/v7e-m+fp/hard/crti.o
                0x00000274                _fini
 .fini          0x00000278        0x8 c:/program files/microchip/xc32/v3.01/bin/bin/../../lib/gcc/pic32c/8.3.1/thumb/v7e-m+fp/hard/crtn.o
                0x00000280                . = ALIGN (0x4)
                0x00000280                __fini_array_start = .
 *(.fini_array)
 .fini_array    0x00000280        0x4 c:/program files/microchip/xc32/v3.01/bin/bin/../../lib/gcc/pic32c/8.3.1/thumb/v7e-m+fp/hard/crtbegin.o
 *(SORT_BY_NAME(.fini_array.*))
                0x00000284                __fini_array_end = .
 *crtbegin.o(.dtors)
 *(EXCLUDE_FILE(*crtend.o) .dtors)
 *(SORT_BY_NAME(.dtors.*))
 *crtend.o(.dtors)
                0x00000284                . = ALIGN (0x4)
                0x00000284                _efixed = .
                [!provide]                PROVIDE (__exidx_start = .)

.ARM.exidx      0x00000284        0x8
 *(.ARM.exidx* .gnu.linkonce.armexidx.*)
 .ARM.exidx     0x00000284        0x8 c:/program files/microchip/xc32/v3.01/bin/bin/../../lib/gcc/pic32c/8.3.1/thumb/v7e-m+fp/hard\libgcc.a(_udivmoddi4.o)
                [!provide]                PROVIDE (__exidx_end = .)
                0x0000028c                . = ALIGN (0x4)
                0x0000028c                _etext = .

.bss            0x20000000        0x4
                0x20000000                . = ALIGN (0x4)
                0x20000000                __bss_start__ = .
                0x20000000                _sbss = .
                0x20000000                _szero = .
 *(COMMON)
 COMMON         0x20000000        0x4 c:/program files/microchip/xc32/v3.01/bin/bin/../../lib/gcc/pic32c/8.3.1/../../../../pic32c/lib/thumb/v7e-m+fp/hard\libc_nano.a(lib_a-reent.o)
                0x20000000                errno
                0x20000004                . = ALIGN (0x4)
                0x20000004                __bss_end__ = .
                0x20000004                _ebss = .
                0x20000004                _ezero = .
                0x20000004                . = ALIGN (0x4)
                0x20000004                _end = .
                0x2003ffff                _ram_end_ = ((ORIGIN (ram) + LENGTH (ram)) - 0x1)
                0x00017ac0                _min_heap_size = 0x17ac0
START GROUP
LOAD c:/program files/microchip/xc32/v3.01/bin/bin/../../lib/gcc/pic32c/8.3.1/../../../../pic32c/lib/thumb/v7e-m+fp/hard\libpic32c.a
LOAD c:/program files/microchip/xc32/v3.01/bin/bin/../../lib/gcc/pic32c/8.3.1/thumb/v7e-m+fp/hard\libgcc.a
LOAD c:/program files/microchip/xc32/v3.01/bin/bin/../../lib/gcc/pic32c/8.3.1/../../../../pic32c/lib/thumb/v7e-m+fp/hard\libm_nano.a
LOAD c:/program files/microchip/xc32/v3.01/bin/bin/../../lib/gcc/pic32c/8.3.1/../../../../pic32c/lib/thumb/v7e-m+fp/hard\libc_nano.a
END GROUP
LOAD c:/program files/microchip/xc32/v3.01/bin/bin/../../lib/gcc/pic32c/8.3.1/thumb/v7e-m+fp/hard/crtend.o
LOAD c:/program files/microchip/xc32/v3.01/bin/bin/../../lib/gcc/pic32c/8.3.1/thumb/v7e-m+fp/hard/crtn.o
OUTPUT(dist/FreeRTOS/production/tcpip_iperf_10base_t1s_freertos.X.production.elf elf32-littlearm)
LOAD stack
LOAD data_init

.ARM.attributes
                0x00000000       0x30
 .ARM.attributes
                0x00000000       0x1e c:/program files/microchip/xc32/v3.01/bin/bin/../../lib/gcc/pic32c/8.3.1/thumb/v7e-m+fp/hard/crti.o
 .ARM.attributes
                0x0000001e       0x34 c:/program files/microchip/xc32/v3.01/bin/bin/../../lib/gcc/pic32c/8.3.1/thumb/v7e-m+fp/hard/crtbegin.o
 .ARM.attributes
                0x00000052       0x34 build/FreeRTOS/production/_ext/1609394304/crypto.o
 .ARM.attributes
                0x00000086       0x34 build/FreeRTOS/production/_ext/1231519722/drv_ethphy.o
 .ARM.attributes
                0x000000ba       0x34 build/FreeRTOS/production/_ext/1231519722/drv_extphy_lan867x.o
 .ARM.attributes
                0x000000ee       0x34 build/FreeRTOS/production/_ext/41526634/drv_gmac.o
 .ARM.attributes
                0x00000122       0x34 build/FreeRTOS/production/_ext/41526634/drv_gmac_lib_samE5x.o
 .ARM.attributes
                0x00000156       0x34 build/FreeRTOS/production/_ext/1149484450/drv_miim.o
 .ARM.attributes
                0x0000018a       0x34 build/FreeRTOS/production/_ext/540595297/helpers.o
 .ARM.attributes
                0x000001be       0x34 build/FreeRTOS/production/_ext/540595297/icmp.o
 .ARM.attributes
                0x000001f2       0x34 build/FreeRTOS/production/_ext/540595297/tcp.o
 .ARM.attributes
                0x00000226       0x34 build/FreeRTOS/production/_ext/540595297/arp.o
 .ARM.attributes
                0x0000025a       0x34 build/FreeRTOS/production/_ext/540595297/tcpip_commands.o
 .ARM.attributes
                0x0000028e       0x34 build/FreeRTOS/production/_ext/540595297/iperf.o
 .ARM.attributes
                0x000002c2       0x34 build/FreeRTOS/production/_ext/540595297/ipv4.o
 .ARM.attributes
                0x000002f6       0x34 build/FreeRTOS/production/_ext/540595297/tcpip_heap_alloc.o
 .ARM.attributes
                0x0000032a       0x34 build/FreeRTOS/production/_ext/540595297/tcpip_heap_internal.o
 .ARM.attributes
                0x0000035e       0x34 build/FreeRTOS/production/_ext/540595297/dhcp.o
 .ARM.attributes
                0x00000392       0x34 build/FreeRTOS/production/_ext/540595297/dns.o
 .ARM.attributes
                0x000003c6       0x34 build/FreeRTOS/production/_ext/540595297/hash_fnv.o
 .ARM.attributes
                0x000003fa       0x34 build/FreeRTOS/production/_ext/540595297/oahash.o
 .ARM.attributes
                0x0000042e       0x34 build/FreeRTOS/production/_ext/540595297/tcpip_helpers.o
 .ARM.attributes
                0x00000462       0x34 build/FreeRTOS/production/_ext/540595297/tcpip_manager.o
 .ARM.attributes
                0x00000496       0x34 build/FreeRTOS/production/_ext/540595297/tcpip_notify.o
 .ARM.attributes
                0x000004ca       0x34 build/FreeRTOS/production/_ext/540595297/tcpip_packet.o
 .ARM.attributes
                0x000004fe       0x34 build/FreeRTOS/production/_ext/540595297/udp.o
 .ARM.attributes
                0x00000532       0x34 build/FreeRTOS/production/_ext/891571577/osal_freertos.o
 .ARM.attributes
                0x00000566       0x34 build/FreeRTOS/production/_ext/892004133/plib_clock.o
 .ARM.attributes
                0x0000059a       0x34 build/FreeRTOS/production/_ext/894153619/plib_evsys.o
 .ARM.attributes
                0x000005ce       0x34 build/FreeRTOS/production/_ext/1494909205/plib_nvic.o
 .ARM.attributes
                0x00000602       0x34 build/FreeRTOS/production/_ext/320424729/plib_nvmctrl.o
 .ARM.attributes
                0x00000636       0x34 build/FreeRTOS/production/_ext/1494856054/plib_port.o
 .ARM.attributes
                0x0000066a       0x34 build/FreeRTOS/production/_ext/1428073114/plib_sercom0_spi_master.o
 .ARM.attributes
                0x0000069e       0x34 build/FreeRTOS/production/_ext/2092608928/plib_sercom1_usart.o
 .ARM.attributes
                0x000006d2       0x34 build/FreeRTOS/production/_ext/579449528/plib_tc0.o
 .ARM.attributes
                0x00000706       0x34 build/FreeRTOS/production/_ext/1872641887/xc32_monitor.o
 .ARM.attributes
                0x0000073a       0x34 build/FreeRTOS/production/_ext/1005353002/sys_command.o
 .ARM.attributes
                0x0000076e       0x34 build/FreeRTOS/production/_ext/548640822/sys_console_uart.o
 .ARM.attributes
                0x000007a2       0x34 build/FreeRTOS/production/_ext/548640822/sys_console.o
 .ARM.attributes
                0x000007d6       0x34 build/FreeRTOS/production/_ext/147610190/sys_debug.o
 .ARM.attributes
                0x0000080a       0x34 build/FreeRTOS/production/_ext/1690414130/sys_int.o
 .ARM.attributes
                0x0000083e       0x34 build/FreeRTOS/production/_ext/1093154855/sys_reset.o
 .ARM.attributes
                0x00000872       0x34 build/FreeRTOS/production/_ext/832704728/sys_time.o
 .ARM.attributes
                0x000008a6       0x34 build/FreeRTOS/production/_ext/2072568807/sys_time_h2_adapter.o
 .ARM.attributes
                0x000008da       0x34 build/FreeRTOS/production/_ext/2072568807/sys_random_h2_adapter.o
 .ARM.attributes
                0x0000090e       0x34 build/FreeRTOS/production/_ext/161576091/tasks.o
 .ARM.attributes
                0x00000942       0x34 build/FreeRTOS/production/_ext/161576091/initialization.o
 .ARM.attributes
                0x00000976       0x34 build/FreeRTOS/production/_ext/161576091/interrupts.o
 .ARM.attributes
                0x000009aa       0x34 build/FreeRTOS/production/_ext/161576091/exceptions.o
 .ARM.attributes
                0x000009de       0x34 build/FreeRTOS/production/_ext/161576091/startup_xc32.o
 .ARM.attributes
                0x00000a12       0x34 build/FreeRTOS/production/_ext/161576091/libc_syscalls.o
 .ARM.attributes
                0x00000a46       0x34 build/FreeRTOS/production/_ext/161576091/freertos_hooks.o
 .ARM.attributes
                0x00000a7a       0x34 build/FreeRTOS/production/_ext/246609638/port.o
 .ARM.attributes
                0x00000aae       0x34 build/FreeRTOS/production/_ext/1665200909/heap_1.o
 .ARM.attributes
                0x00000ae2       0x34 build/FreeRTOS/production/_ext/404212886/list.o
 .ARM.attributes
                0x00000b16       0x34 build/FreeRTOS/production/_ext/404212886/queue.o
 .ARM.attributes
                0x00000b4a       0x34 build/FreeRTOS/production/_ext/404212886/FreeRTOS_tasks.o
 .ARM.attributes
                0x00000b7e       0x34 build/FreeRTOS/production/_ext/1434865757/gfx_mono_framebuffer.o
 .ARM.attributes
                0x00000bb2       0x34 build/FreeRTOS/production/_ext/1434865757/gfx_mono_generic.o
 .ARM.attributes
                0x00000be6       0x34 build/FreeRTOS/production/_ext/1434865757/gfx_mono_text.o
 .ARM.attributes
                0x00000c1a       0x34 build/FreeRTOS/production/_ext/1434865757/gfx_mono_ug_2832hsweg04.o
 .ARM.attributes
                0x00000c4e       0x34 build/FreeRTOS/production/_ext/1434865757/gfx_ssd1306.o
 .ARM.attributes
                0x00000c82       0x39 build/FreeRTOS/production/_ext/1434865757/gfx_sysfont.o
 .ARM.attributes
                0x00000cbb       0x34 build/FreeRTOS/production/_ext/172253694/crypt_wolfcryptcb.o
 .ARM.attributes
                0x00000cef       0x34 build/FreeRTOS/production/_ext/1664057780/cryptocb.o
 .ARM.attributes
                0x00000d23       0x34 build/FreeRTOS/production/_ext/1664057780/md5.o
 .ARM.attributes
                0x00000d57       0x34 build/FreeRTOS/production/_ext/1664057780/random.o
 .ARM.attributes
                0x00000d8b       0x34 build/FreeRTOS/production/_ext/1664057780/sha256.o
 .ARM.attributes
                0x00000dbf       0x34 build/FreeRTOS/production/_ext/1360937237/app.o
 .ARM.attributes
                0x00000df3       0x34 build/FreeRTOS/production/_ext/1360937237/main.o
 .ARM.attributes
                0x00000e27       0x34 c:/program files/microchip/xc32/v3.01/bin/bin/../../lib/gcc/pic32c/8.3.1/../../../../pic32c/lib/thumb/v7e-m+fp/hard\libpic32c.a(data_init.o)
 .ARM.attributes
                0x00000e5b       0x1e c:/program files/microchip/xc32/v3.01/bin/bin/../../lib/gcc/pic32c/8.3.1/thumb/v7e-m+fp/hard\libgcc.a(_arm_addsubdf3.o)
 .ARM.attributes
                0x00000e79       0x1e c:/program files/microchip/xc32/v3.01/bin/bin/../../lib/gcc/pic32c/8.3.1/thumb/v7e-m+fp/hard\libgcc.a(_arm_muldivdf3.o)
 .ARM.attributes
                0x00000e97       0x1e c:/program files/microchip/xc32/v3.01/bin/bin/../../lib/gcc/pic32c/8.3.1/thumb/v7e-m+fp/hard\libgcc.a(_arm_cmpdf2.o)
 .ARM.attributes
                0x00000eb5       0x1e c:/program files/microchip/xc32/v3.01/bin/bin/../../lib/gcc/pic32c/8.3.1/thumb/v7e-m+fp/hard\libgcc.a(_arm_fixunsdfsi.o)
 .ARM.attributes
                0x00000ed3       0x1e c:/program files/microchip/xc32/v3.01/bin/bin/../../lib/gcc/pic32c/8.3.1/thumb/v7e-m+fp/hard\libgcc.a(_aeabi_uldivmod.o)
 .ARM.attributes
                0x00000ef1       0x34 c:/program files/microchip/xc32/v3.01/bin/bin/../../lib/gcc/pic32c/8.3.1/thumb/v7e-m+fp/hard\libgcc.a(_udivmoddi4.o)
 .ARM.attributes
                0x00000f25       0x1e c:/program files/microchip/xc32/v3.01/bin/bin/../../lib/gcc/pic32c/8.3.1/thumb/v7e-m+fp/hard\libgcc.a(_dvmd_tls.o)
 .ARM.attributes
                0x00000f43       0x34 c:/program files/microchip/xc32/v3.01/bin/bin/../../lib/gcc/pic32c/8.3.1/../../../../pic32c/lib/thumb/v7e-m+fp/hard\libc_nano.a(lib_a-assert.o)
 .ARM.attributes
                0x00000f77       0x34 c:/program files/microchip/xc32/v3.01/bin/bin/../../lib/gcc/pic32c/8.3.1/../../../../pic32c/lib/thumb/v7e-m+fp/hard\libc_nano.a(lib_a-atoi.o)
 .ARM.attributes
                0x00000fab       0x34 c:/program files/microchip/xc32/v3.01/bin/bin/../../lib/gcc/pic32c/8.3.1/../../../../pic32c/lib/thumb/v7e-m+fp/hard\libc_nano.a(lib_a-calloc.o)
 .ARM.attributes
                0x00000fdf       0x32 c:/program files/microchip/xc32/v3.01/bin/bin/../../lib/gcc/pic32c/8.3.1/../../../../pic32c/lib/thumb/v7e-m+fp/hard\libc_nano.a(lib_a-ctype_.o)
 .ARM.attributes
                0x00001011       0x34 c:/program files/microchip/xc32/v3.01/bin/bin/../../lib/gcc/pic32c/8.3.1/../../../../pic32c/lib/thumb/v7e-m+fp/hard\libc_nano.a(lib_a-fprintf.o)
 .ARM.attributes
                0x00001045       0x32 c:/program files/microchip/xc32/v3.01/bin/bin/../../lib/gcc/pic32c/8.3.1/../../../../pic32c/lib/thumb/v7e-m+fp/hard\libc_nano.a(lib_a-impure.o)
 .ARM.attributes
                0x00001077       0x34 c:/program files/microchip/xc32/v3.01/bin/bin/../../lib/gcc/pic32c/8.3.1/../../../../pic32c/lib/thumb/v7e-m+fp/hard\libc_nano.a(lib_a-init.o)
 .ARM.attributes
                0x000010ab       0x34 c:/program files/microchip/xc32/v3.01/bin/bin/../../lib/gcc/pic32c/8.3.1/../../../../pic32c/lib/thumb/v7e-m+fp/hard\libc_nano.a(lib_a-malloc.o)
 .ARM.attributes
                0x000010df       0x34 c:/program files/microchip/xc32/v3.01/bin/bin/../../lib/gcc/pic32c/8.3.1/../../../../pic32c/lib/thumb/v7e-m+fp/hard\libc_nano.a(lib_a-memcmp.o)
 .ARM.attributes
                0x00001113       0x34 c:/program files/microchip/xc32/v3.01/bin/bin/../../lib/gcc/pic32c/8.3.1/../../../../pic32c/lib/thumb/v7e-m+fp/hard\libc_nano.a(lib_a-memcpy-stub.o)
 .ARM.attributes
                0x00001147       0x34 c:/program files/microchip/xc32/v3.01/bin/bin/../../lib/gcc/pic32c/8.3.1/../../../../pic32c/lib/thumb/v7e-m+fp/hard\libc_nano.a(lib_a-memmove.o)
 .ARM.attributes
                0x0000117b       0x34 c:/program files/microchip/xc32/v3.01/bin/bin/../../lib/gcc/pic32c/8.3.1/../../../../pic32c/lib/thumb/v7e-m+fp/hard\libc_nano.a(lib_a-memset.o)
 .ARM.attributes
                0x000011af       0x34 c:/program files/microchip/xc32/v3.01/bin/bin/../../lib/gcc/pic32c/8.3.1/../../../../pic32c/lib/thumb/v7e-m+fp/hard\libc_nano.a(lib_a-nano-callocr.o)
 .ARM.attributes
                0x000011e3       0x34 c:/program files/microchip/xc32/v3.01/bin/bin/../../lib/gcc/pic32c/8.3.1/../../../../pic32c/lib/thumb/v7e-m+fp/hard\libc_nano.a(lib_a-nano-freer.o)
 .ARM.attributes
                0x00001217       0x34 c:/program files/microchip/xc32/v3.01/bin/bin/../../lib/gcc/pic32c/8.3.1/../../../../pic32c/lib/thumb/v7e-m+fp/hard\libc_nano.a(lib_a-nano-mallocr.o)
 .ARM.attributes
                0x0000124b       0x34 c:/program files/microchip/xc32/v3.01/bin/bin/../../lib/gcc/pic32c/8.3.1/../../../../pic32c/lib/thumb/v7e-m+fp/hard\libc_nano.a(lib_a-nano-vfprintf.o)
 .ARM.attributes
                0x0000127f       0x34 c:/program files/microchip/xc32/v3.01/bin/bin/../../lib/gcc/pic32c/8.3.1/../../../../pic32c/lib/thumb/v7e-m+fp/hard\libc_nano.a(lib_a-nano-vfprintf_float.o)
 .ARM.attributes
                0x000012b3       0x34 c:/program files/microchip/xc32/v3.01/bin/bin/../../lib/gcc/pic32c/8.3.1/../../../../pic32c/lib/thumb/v7e-m+fp/hard\libc_nano.a(lib_a-nano-vfprintf_i.o)
 .ARM.attributes
                0x000012e7       0x34 c:/program files/microchip/xc32/v3.01/bin/bin/../../lib/gcc/pic32c/8.3.1/../../../../pic32c/lib/thumb/v7e-m+fp/hard\libc_nano.a(lib_a-rand.o)
 .ARM.attributes
                0x0000131b       0x34 c:/program files/microchip/xc32/v3.01/bin/bin/../../lib/gcc/pic32c/8.3.1/../../../../pic32c/lib/thumb/v7e-m+fp/hard\libc_nano.a(lib_a-sbrkr.o)
 .ARM.attributes
                0x0000134f       0x34 c:/program files/microchip/xc32/v3.01/bin/bin/../../lib/gcc/pic32c/8.3.1/../../../../pic32c/lib/thumb/v7e-m+fp/hard\libc_nano.a(lib_a-snprintf.o)
 .ARM.attributes
                0x00001383       0x34 c:/program files/microchip/xc32/v3.01/bin/bin/../../lib/gcc/pic32c/8.3.1/../../../../pic32c/lib/thumb/v7e-m+fp/hard\libc_nano.a(lib_a-sprintf.o)
 .ARM.attributes
                0x000013b7       0x34 c:/program files/microchip/xc32/v3.01/bin/bin/../../lib/gcc/pic32c/8.3.1/../../../../pic32c/lib/thumb/v7e-m+fp/hard\libc_nano.a(lib_a-strchr.o)
 .ARM.attributes
                0x000013eb       0x1c c:/program files/microchip/xc32/v3.01/bin/bin/../../lib/gcc/pic32c/8.3.1/../../../../pic32c/lib/thumb/v7e-m+fp/hard\libc_nano.a(lib_a-strcmp.o)
 .ARM.attributes
                0x00001407       0x34 c:/program files/microchip/xc32/v3.01/bin/bin/../../lib/gcc/pic32c/8.3.1/../../../../pic32c/lib/thumb/v7e-m+fp/hard\libc_nano.a(lib_a-strcpy.o)
 .ARM.attributes
                0x0000143b       0x17 c:/program files/microchip/xc32/v3.01/bin/bin/../../lib/gcc/pic32c/8.3.1/../../../../pic32c/lib/thumb/v7e-m+fp/hard\libc_nano.a(lib_a-strlen.o)
 .ARM.attributes
                0x00001452       0x34 c:/program files/microchip/xc32/v3.01/bin/bin/../../lib/gcc/pic32c/8.3.1/../../../../pic32c/lib/thumb/v7e-m+fp/hard\libc_nano.a(lib_a-strncmp.o)
 .ARM.attributes
                0x00001486       0x34 c:/program files/microchip/xc32/v3.01/bin/bin/../../lib/gcc/pic32c/8.3.1/../../../../pic32c/lib/thumb/v7e-m+fp/hard\libc_nano.a(lib_a-strncpy.o)
 .ARM.attributes
                0x000014ba       0x34 c:/program files/microchip/xc32/v3.01/bin/bin/../../lib/gcc/pic32c/8.3.1/../../../../pic32c/lib/thumb/v7e-m+fp/hard\libc_nano.a(lib_a-strtok.o)
 .ARM.attributes
                0x000014ee       0x34 c:/program files/microchip/xc32/v3.01/bin/bin/../../lib/gcc/pic32c/8.3.1/../../../../pic32c/lib/thumb/v7e-m+fp/hard\libc_nano.a(lib_a-strtok_r.o)
 .ARM.attributes
                0x00001522       0x34 c:/program files/microchip/xc32/v3.01/bin/bin/../../lib/gcc/pic32c/8.3.1/../../../../pic32c/lib/thumb/v7e-m+fp/hard\libc_nano.a(lib_a-strtol.o)
 .ARM.attributes
                0x00001556       0x34 c:/program files/microchip/xc32/v3.01/bin/bin/../../lib/gcc/pic32c/8.3.1/../../../../pic32c/lib/thumb/v7e-m+fp/hard\libc_nano.a(lib_a-vsnprintf.o)
 .ARM.attributes
                0x0000158a       0x34 c:/program files/microchip/xc32/v3.01/bin/bin/../../lib/gcc/pic32c/8.3.1/../../../../pic32c/lib/thumb/v7e-m+fp/hard\libc_nano.a(lib_a-wsetup.o)
 .ARM.attributes
                0x000015be       0x34 c:/program files/microchip/xc32/v3.01/bin/bin/../../lib/gcc/pic32c/8.3.1/../../../../pic32c/lib/thumb/v7e-m+fp/hard\libc_nano.a(lib_a-__ssfputs.o)
 .ARM.attributes
                0x000015f2       0x34 c:/program files/microchip/xc32/v3.01/bin/bin/../../lib/gcc/pic32c/8.3.1/../../../../pic32c/lib/thumb/v7e-m+fp/hard\libc_nano.a(lib_a-abort.o)
 .ARM.attributes
                0x00001626       0x34 c:/program files/microchip/xc32/v3.01/bin/bin/../../lib/gcc/pic32c/8.3.1/../../../../pic32c/lib/thumb/v7e-m+fp/hard\libc_nano.a(lib_a-dtoa.o)
 .ARM.attributes
                0x0000165a       0x34 c:/program files/microchip/xc32/v3.01/bin/bin/../../lib/gcc/pic32c/8.3.1/../../../../pic32c/lib/thumb/v7e-m+fp/hard\libc_nano.a(lib_a-findfp.o)
 .ARM.attributes
                0x0000168e       0x34 c:/program files/microchip/xc32/v3.01/bin/bin/../../lib/gcc/pic32c/8.3.1/../../../../pic32c/lib/thumb/v7e-m+fp/hard\libc_nano.a(lib_a-fputwc.o)
 .ARM.attributes
                0x000016c2       0x34 c:/program files/microchip/xc32/v3.01/bin/bin/../../lib/gcc/pic32c/8.3.1/../../../../pic32c/lib/thumb/v7e-m+fp/hard\libc_nano.a(lib_a-fwalk.o)
 .ARM.attributes
                0x000016f6       0x34 c:/program files/microchip/xc32/v3.01/bin/bin/../../lib/gcc/pic32c/8.3.1/../../../../pic32c/lib/thumb/v7e-m+fp/hard\libc_nano.a(lib_a-locale.o)
 .ARM.attributes
                0x0000172a       0x34 c:/program files/microchip/xc32/v3.01/bin/bin/../../lib/gcc/pic32c/8.3.1/../../../../pic32c/lib/thumb/v7e-m+fp/hard\libc_nano.a(lib_a-localeconv.o)
 .ARM.attributes
                0x0000175e       0x34 c:/program files/microchip/xc32/v3.01/bin/bin/../../lib/gcc/pic32c/8.3.1/../../../../pic32c/lib/thumb/v7e-m+fp/hard\libc_nano.a(lib_a-makebuf.o)
 .ARM.attributes
                0x00001792       0x34 c:/program files/microchip/xc32/v3.01/bin/bin/../../lib/gcc/pic32c/8.3.1/../../../../pic32c/lib/thumb/v7e-m+fp/hard\libc_nano.a(lib_a-mbtowc_r.o)
 .ARM.attributes
                0x000017c6       0x1c c:/program files/microchip/xc32/v3.01/bin/bin/../../lib/gcc/pic32c/8.3.1/../../../../pic32c/lib/thumb/v7e-m+fp/hard\libc_nano.a(lib_a-memchr.o)
 .ARM.attributes
                0x000017e2       0x34 c:/program files/microchip/xc32/v3.01/bin/bin/../../lib/gcc/pic32c/8.3.1/../../../../pic32c/lib/thumb/v7e-m+fp/hard\libc_nano.a(lib_a-mlock.o)
 .ARM.attributes
                0x00001816       0x34 c:/program files/microchip/xc32/v3.01/bin/bin/../../lib/gcc/pic32c/8.3.1/../../../../pic32c/lib/thumb/v7e-m+fp/hard\libc_nano.a(lib_a-mprec.o)
 .ARM.attributes
                0x0000184a       0x34 c:/program files/microchip/xc32/v3.01/bin/bin/../../lib/gcc/pic32c/8.3.1/../../../../pic32c/lib/thumb/v7e-m+fp/hard\libc_nano.a(lib_a-nano-svfprintf.o)
 .ARM.attributes
                0x0000187e       0x34 c:/program files/microchip/xc32/v3.01/bin/bin/../../lib/gcc/pic32c/8.3.1/../../../../pic32c/lib/thumb/v7e-m+fp/hard\libc_nano.a(lib_a-reent.o)
 .ARM.attributes
                0x000018b2       0x34 c:/program files/microchip/xc32/v3.01/bin/bin/../../lib/gcc/pic32c/8.3.1/../../../../pic32c/lib/thumb/v7e-m+fp/hard\libc_nano.a(lib_a-signal.o)
 .ARM.attributes
                0x000018e6       0x34 c:/program files/microchip/xc32/v3.01/bin/bin/../../lib/gcc/pic32c/8.3.1/../../../../pic32c/lib/thumb/v7e-m+fp/hard\libc_nano.a(lib_a-signalr.o)
 .ARM.attributes
                0x0000191a       0x34 c:/program files/microchip/xc32/v3.01/bin/bin/../../lib/gcc/pic32c/8.3.1/../../../../pic32c/lib/thumb/v7e-m+fp/hard\libc_nano.a(lib_a-stdio.o)
 .ARM.attributes
                0x0000194e       0x34 c:/program files/microchip/xc32/v3.01/bin/bin/../../lib/gcc/pic32c/8.3.1/../../../../pic32c/lib/thumb/v7e-m+fp/hard\libc_nano.a(lib_a-wbuf.o)
 .ARM.attributes
                0x00001982       0x34 c:/program files/microchip/xc32/v3.01/bin/bin/../../lib/gcc/pic32c/8.3.1/../../../../pic32c/lib/thumb/v7e-m+fp/hard\libc_nano.a(lib_a-wcrtomb.o)
 .ARM.attributes
                0x000019b6       0x34 c:/program files/microchip/xc32/v3.01/bin/bin/../../lib/gcc/pic32c/8.3.1/../../../../pic32c/lib/thumb/v7e-m+fp/hard\libc_nano.a(lib_a-wctomb_r.o)
 .ARM.attributes
                0x000019ea       0x34 c:/program files/microchip/xc32/v3.01/bin/bin/../../lib/gcc/pic32c/8.3.1/../../../../pic32c/lib/thumb/v7e-m+fp/hard\libc_nano.a(lib_a-writer.o)
 .ARM.attributes
                0x00001a1e       0x34 c:/program files/microchip/xc32/v3.01/bin/bin/../../lib/gcc/pic32c/8.3.1/../../../../pic32c/lib/thumb/v7e-m+fp/hard\libc_nano.a(lib_a-__ssputs.o)
 .ARM.attributes
                0x00001a52       0x34 c:/program files/microchip/xc32/v3.01/bin/bin/../../lib/gcc/pic32c/8.3.1/../../../../pic32c/lib/thumb/v7e-m+fp/hard\libc_nano.a(lib_a-closer.o)
 .ARM.attributes
                0x00001a86       0x34 c:/program files/microchip/xc32/v3.01/bin/bin/../../lib/gcc/pic32c/8.3.1/../../../../pic32c/lib/thumb/v7e-m+fp/hard\libc_nano.a(lib_a-fflush.o)
 .ARM.attributes
                0x00001aba       0x34 c:/program files/microchip/xc32/v3.01/bin/bin/../../lib/gcc/pic32c/8.3.1/../../../../pic32c/lib/thumb/v7e-m+fp/hard\libc_nano.a(lib_a-fstatr.o)
 .ARM.attributes
                0x00001aee       0x34 c:/program files/microchip/xc32/v3.01/bin/bin/../../lib/gcc/pic32c/8.3.1/../../../../pic32c/lib/thumb/v7e-m+fp/hard\libc_nano.a(lib_a-isattyr.o)
 .ARM.attributes
                0x00001b22       0x34 c:/program files/microchip/xc32/v3.01/bin/bin/../../lib/gcc/pic32c/8.3.1/../../../../pic32c/lib/thumb/v7e-m+fp/hard\libc_nano.a(lib_a-lseekr.o)
 .ARM.attributes
                0x00001b56       0x34 c:/program files/microchip/xc32/v3.01/bin/bin/../../lib/gcc/pic32c/8.3.1/../../../../pic32c/lib/thumb/v7e-m+fp/hard\libc_nano.a(lib_a-nano-reallocr.o)
 .ARM.attributes
                0x00001b8a       0x34 c:/program files/microchip/xc32/v3.01/bin/bin/../../lib/gcc/pic32c/8.3.1/../../../../pic32c/lib/thumb/v7e-m+fp/hard\libc_nano.a(lib_a-readr.o)
 .ARM.attributes
                0x00001bbe       0x34 c:/program files/microchip/xc32/v3.01/bin/bin/../../lib/gcc/pic32c/8.3.1/../../../../pic32c/lib/thumb/v7e-m+fp/hard\libc_nano.a(lib_a-nano-msizer.o)
 .ARM.attributes
                0x00001bf2       0x34 c:/program files/microchip/xc32/v3.01/bin/bin/../../lib/gcc/pic32c/8.3.1/../../../../pic32c/lib/thumb/v7e-m+fp/hard\libpic32c.a(_close.o)
 .ARM.attributes
                0x00001c26       0x34 c:/program files/microchip/xc32/v3.01/bin/bin/../../lib/gcc/pic32c/8.3.1/../../../../pic32c/lib/thumb/v7e-m+fp/hard\libpic32c.a(_fstat.o)
 .ARM.attributes
                0x00001c5a       0x34 c:/program files/microchip/xc32/v3.01/bin/bin/../../lib/gcc/pic32c/8.3.1/../../../../pic32c/lib/thumb/v7e-m+fp/hard\libpic32c.a(_getpid.o)
 .ARM.attributes
                0x00001c8e       0x34 c:/program files/microchip/xc32/v3.01/bin/bin/../../lib/gcc/pic32c/8.3.1/../../../../pic32c/lib/thumb/v7e-m+fp/hard\libpic32c.a(_isatty.o)
 .ARM.attributes
                0x00001cc2       0x34 c:/program files/microchip/xc32/v3.01/bin/bin/../../lib/gcc/pic32c/8.3.1/../../../../pic32c/lib/thumb/v7e-m+fp/hard\libpic32c.a(_kill.o)
 .ARM.attributes
                0x00001cf6       0x34 c:/program files/microchip/xc32/v3.01/bin/bin/../../lib/gcc/pic32c/8.3.1/../../../../pic32c/lib/thumb/v7e-m+fp/hard\libpic32c.a(_lseek.o)
 .ARM.attributes
                0x00001d2a       0x34 c:/program files/microchip/xc32/v3.01/bin/bin/../../lib/gcc/pic32c/8.3.1/../../../../pic32c/lib/thumb/v7e-m+fp/hard\libpic32c.a(_read.o)
 .ARM.attributes
                0x00001d5e       0x34 c:/program files/microchip/xc32/v3.01/bin/bin/../../lib/gcc/pic32c/8.3.1/../../../../pic32c/lib/thumb/v7e-m+fp/hard\libpic32c.a(sbrk.o)
 .ARM.attributes
                0x00001d92       0x34 c:/program files/microchip/xc32/v3.01/bin/bin/../../lib/gcc/pic32c/8.3.1/../../../../pic32c/lib/thumb/v7e-m+fp/hard\libpic32c.a(_write.o)
 .ARM.attributes
                0x00001dc6       0x34 c:/program files/microchip/xc32/v3.01/bin/bin/../../lib/gcc/pic32c/8.3.1/../../../../pic32c/lib/thumb/v7e-m+fp/hard\libpic32c.a(close.o)
 .ARM.attributes
                0x00001dfa       0x34 c:/program files/microchip/xc32/v3.01/bin/bin/../../lib/gcc/pic32c/8.3.1/../../../../pic32c/lib/thumb/v7e-m+fp/hard\libpic32c.a(fstat.o)
 .ARM.attributes
                0x00001e2e       0x34 c:/program files/microchip/xc32/v3.01/bin/bin/../../lib/gcc/pic32c/8.3.1/../../../../pic32c/lib/thumb/v7e-m+fp/hard\libpic32c.a(getpid.o)
 .ARM.attributes
                0x00001e62       0x34 c:/program files/microchip/xc32/v3.01/bin/bin/../../lib/gcc/pic32c/8.3.1/../../../../pic32c/lib/thumb/v7e-m+fp/hard\libpic32c.a(isatty.o)
 .ARM.attributes
                0x00001e96       0x34 c:/program files/microchip/xc32/v3.01/bin/bin/../../lib/gcc/pic32c/8.3.1/../../../../pic32c/lib/thumb/v7e-m+fp/hard\libpic32c.a(kill.o)
 .ARM.attributes
                0x00001eca       0x34 c:/program files/microchip/xc32/v3.01/bin/bin/../../lib/gcc/pic32c/8.3.1/../../../../pic32c/lib/thumb/v7e-m+fp/hard\libpic32c.a(lseek.o)
 .ARM.attributes
                0x00001efe       0x34 c:/program files/microchip/xc32/v3.01/bin/bin/../../lib/gcc/pic32c/8.3.1/../../../../pic32c/lib/thumb/v7e-m+fp/hard\libpic32c.a(read.o)
 .ARM.attributes
                0x00001f32       0x34 c:/program files/microchip/xc32/v3.01/bin/bin/../../lib/gcc/pic32c/8.3.1/../../../../pic32c/lib/thumb/v7e-m+fp/hard\libpic32c.a(write.o)
 .ARM.attributes
                0x00001f66       0x1e c:/program files/microchip/xc32/v3.01/bin/bin/../../lib/gcc/pic32c/8.3.1/thumb/v7e-m+fp/hard\libgcc.a(_arm_unorddf2.o)
 .ARM.attributes
                0x00001f84       0x1e c:/program files/microchip/xc32/v3.01/bin/bin/../../lib/gcc/pic32c/8.3.1/thumb/v7e-m+fp/hard\libgcc.a(_arm_fixdfsi.o)
 .ARM.attributes
                0x00001fa2       0x1e c:/program files/microchip/xc32/v3.01/bin/bin/../../lib/gcc/pic32c/8.3.1/thumb/v7e-m+fp/hard/crtn.o

.comment        0x00000000       0x53
 .comment       0x00000000       0x53 c:/program files/microchip/xc32/v3.01/bin/bin/../../lib/gcc/pic32c/8.3.1/thumb/v7e-m+fp/hard/crtbegin.o
                                 0x54 (size before relaxing)
 .comment       0x00000053       0x54 build/FreeRTOS/production/_ext/1609394304/crypto.o
 .comment       0x00000053       0x54 build/FreeRTOS/production/_ext/1231519722/drv_ethphy.o
 .comment       0x00000053       0x54 build/FreeRTOS/production/_ext/1231519722/drv_extphy_lan867x.o
 .comment       0x00000053       0x54 build/FreeRTOS/production/_ext/41526634/drv_gmac.o
 .comment       0x00000053       0x54 build/FreeRTOS/production/_ext/41526634/drv_gmac_lib_samE5x.o
 .comment       0x00000053       0x54 build/FreeRTOS/production/_ext/1149484450/drv_miim.o
 .comment       0x00000053       0x54 build/FreeRTOS/production/_ext/540595297/helpers.o
 .comment       0x00000053       0x54 build/FreeRTOS/production/_ext/540595297/icmp.o
 .comment       0x00000053       0x54 build/FreeRTOS/production/_ext/540595297/tcp.o
 .comment       0x00000053       0x54 build/FreeRTOS/production/_ext/540595297/arp.o
 .comment       0x00000053       0x54 build/FreeRTOS/production/_ext/540595297/tcpip_commands.o
 .comment       0x00000053       0x54 build/FreeRTOS/production/_ext/540595297/iperf.o
 .comment       0x00000053       0x54 build/FreeRTOS/production/_ext/540595297/ipv4.o
 .comment       0x00000053       0x54 build/FreeRTOS/production/_ext/540595297/tcpip_heap_alloc.o
 .comment       0x00000053       0x54 build/FreeRTOS/production/_ext/540595297/tcpip_heap_internal.o
 .comment       0x00000053       0x54 build/FreeRTOS/production/_ext/540595297/dhcp.o
 .comment       0x00000053       0x54 build/FreeRTOS/production/_ext/540595297/dns.o
 .comment       0x00000053       0x54 build/FreeRTOS/production/_ext/540595297/hash_fnv.o
 .comment       0x00000053       0x54 build/FreeRTOS/production/_ext/540595297/oahash.o
 .comment       0x00000053       0x54 build/FreeRTOS/production/_ext/540595297/tcpip_helpers.o
 .comment       0x00000053       0x54 build/FreeRTOS/production/_ext/540595297/tcpip_manager.o
 .comment       0x00000053       0x54 build/FreeRTOS/production/_ext/540595297/tcpip_notify.o
 .comment       0x00000053       0x54 build/FreeRTOS/production/_ext/540595297/tcpip_packet.o
 .comment       0x00000053       0x54 build/FreeRTOS/production/_ext/540595297/udp.o
 .comment       0x00000053       0x54 build/FreeRTOS/production/_ext/891571577/osal_freertos.o
 .comment       0x00000053       0x54 build/FreeRTOS/production/_ext/892004133/plib_clock.o
 .comment       0x00000053       0x54 build/FreeRTOS/production/_ext/894153619/plib_evsys.o
 .comment       0x00000053       0x54 build/FreeRTOS/production/_ext/1494909205/plib_nvic.o
 .comment       0x00000053       0x54 build/FreeRTOS/production/_ext/320424729/plib_nvmctrl.o
 .comment       0x00000053       0x54 build/FreeRTOS/production/_ext/1494856054/plib_port.o
 .comment       0x00000053       0x54 build/FreeRTOS/production/_ext/1428073114/plib_sercom0_spi_master.o
 .comment       0x00000053       0x54 build/FreeRTOS/production/_ext/2092608928/plib_sercom1_usart.o
 .comment       0x00000053       0x54 build/FreeRTOS/production/_ext/579449528/plib_tc0.o
 .comment       0x00000053       0x54 build/FreeRTOS/production/_ext/1872641887/xc32_monitor.o
 .comment       0x00000053       0x54 build/FreeRTOS/production/_ext/1005353002/sys_command.o
 .comment       0x00000053       0x54 build/FreeRTOS/production/_ext/548640822/sys_console_uart.o
 .comment       0x00000053       0x54 build/FreeRTOS/production/_ext/548640822/sys_console.o
 .comment       0x00000053       0x54 build/FreeRTOS/production/_ext/147610190/sys_debug.o
 .comment       0x00000053       0x54 build/FreeRTOS/production/_ext/1690414130/sys_int.o
 .comment       0x00000053       0x54 build/FreeRTOS/production/_ext/1093154855/sys_reset.o
 .comment       0x00000053       0x54 build/FreeRTOS/production/_ext/832704728/sys_time.o
 .comment       0x00000053       0x54 build/FreeRTOS/production/_ext/2072568807/sys_time_h2_adapter.o
 .comment       0x00000053       0x54 build/FreeRTOS/production/_ext/2072568807/sys_random_h2_adapter.o
 .comment       0x00000053       0x54 build/FreeRTOS/production/_ext/161576091/tasks.o
 .comment       0x00000053       0x54 build/FreeRTOS/production/_ext/161576091/initialization.o
 .comment       0x00000053       0x54 build/FreeRTOS/production/_ext/161576091/interrupts.o
 .comment       0x00000053       0x54 build/FreeRTOS/production/_ext/161576091/exceptions.o
 .comment       0x00000053       0x54 build/FreeRTOS/production/_ext/161576091/startup_xc32.o
 .comment       0x00000053       0x54 build/FreeRTOS/production/_ext/161576091/libc_syscalls.o
 .comment       0x00000053       0x54 build/FreeRTOS/production/_ext/161576091/freertos_hooks.o
 .comment       0x00000053       0x54 build/FreeRTOS/production/_ext/246609638/port.o
 .comment       0x00000053       0x54 build/FreeRTOS/production/_ext/1665200909/heap_1.o
 .comment       0x00000053       0x54 build/FreeRTOS/production/_ext/404212886/list.o
 .comment       0x00000053       0x54 build/FreeRTOS/production/_ext/404212886/queue.o
 .comment       0x00000053       0x54 build/FreeRTOS/production/_ext/404212886/FreeRTOS_tasks.o
 .comment       0x00000053       0x54 build/FreeRTOS/production/_ext/1434865757/gfx_mono_framebuffer.o
 .comment       0x00000053       0x54 build/FreeRTOS/production/_ext/1434865757/gfx_mono_generic.o
 .comment       0x00000053       0x54 build/FreeRTOS/production/_ext/1434865757/gfx_mono_text.o
 .comment       0x00000053       0x54 build/FreeRTOS/production/_ext/1434865757/gfx_mono_ug_2832hsweg04.o
 .comment       0x00000053       0x54 build/FreeRTOS/production/_ext/1434865757/gfx_ssd1306.o
 .comment       0x00000053       0x54 build/FreeRTOS/production/_ext/1434865757/gfx_sysfont.o
 .comment       0x00000053       0x54 build/FreeRTOS/production/_ext/172253694/crypt_wolfcryptcb.o
 .comment       0x00000053       0x54 build/FreeRTOS/production/_ext/1664057780/cryptocb.o
 .comment       0x00000053       0x54 build/FreeRTOS/production/_ext/1664057780/md5.o
 .comment       0x00000053       0x54 build/FreeRTOS/production/_ext/1664057780/random.o
 .comment       0x00000053       0x54 build/FreeRTOS/production/_ext/1664057780/sha256.o
 .comment       0x00000053       0x54 build/FreeRTOS/production/_ext/1360937237/app.o
 .comment       0x00000053       0x54 build/FreeRTOS/production/_ext/1360937237/main.o
 .comment       0x00000053       0x54 c:/program files/microchip/xc32/v3.01/bin/bin/../../lib/gcc/pic32c/8.3.1/../../../../pic32c/lib/thumb/v7e-m+fp/hard\libpic32c.a(data_init.o)
 .comment       0x00000053       0x54 c:/program files/microchip/xc32/v3.01/bin/bin/../../lib/gcc/pic32c/8.3.1/thumb/v7e-m+fp/hard\libgcc.a(_udivmoddi4.o)
 .comment       0x00000053       0x54 c:/program files/microchip/xc32/v3.01/bin/bin/../../lib/gcc/pic32c/8.3.1/../../../../pic32c/lib/thumb/v7e-m+fp/hard\libc_nano.a(lib_a-assert.o)
 .comment       0x00000053       0x54 c:/program files/microchip/xc32/v3.01/bin/bin/../../lib/gcc/pic32c/8.3.1/../../../../pic32c/lib/thumb/v7e-m+fp/hard\libc_nano.a(lib_a-atoi.o)
 .comment       0x00000053       0x54 c:/program files/microchip/xc32/v3.01/bin/bin/../../lib/gcc/pic32c/8.3.1/../../../../pic32c/lib/thumb/v7e-m+fp/hard\libc_nano.a(lib_a-calloc.o)
 .comment       0x00000053       0x54 c:/program files/microchip/xc32/v3.01/bin/bin/../../lib/gcc/pic32c/8.3.1/../../../../pic32c/lib/thumb/v7e-m+fp/hard\libc_nano.a(lib_a-ctype_.o)
 .comment       0x00000053       0x54 c:/program files/microchip/xc32/v3.01/bin/bin/../../lib/gcc/pic32c/8.3.1/../../../../pic32c/lib/thumb/v7e-m+fp/hard\libc_nano.a(lib_a-fprintf.o)
 .comment       0x00000053       0x54 c:/program files/microchip/xc32/v3.01/bin/bin/../../lib/gcc/pic32c/8.3.1/../../../../pic32c/lib/thumb/v7e-m+fp/hard\libc_nano.a(lib_a-impure.o)
 .comment       0x00000053       0x54 c:/program files/microchip/xc32/v3.01/bin/bin/../../lib/gcc/pic32c/8.3.1/../../../../pic32c/lib/thumb/v7e-m+fp/hard\libc_nano.a(lib_a-init.o)
 .comment       0x00000053       0x54 c:/program files/microchip/xc32/v3.01/bin/bin/../../lib/gcc/pic32c/8.3.1/../../../../pic32c/lib/thumb/v7e-m+fp/hard\libc_nano.a(lib_a-malloc.o)
 .comment       0x00000053       0x54 c:/program files/microchip/xc32/v3.01/bin/bin/../../lib/gcc/pic32c/8.3.1/../../../../pic32c/lib/thumb/v7e-m+fp/hard\libc_nano.a(lib_a-memcmp.o)
 .comment       0x00000053       0x54 c:/program files/microchip/xc32/v3.01/bin/bin/../../lib/gcc/pic32c/8.3.1/../../../../pic32c/lib/thumb/v7e-m+fp/hard\libc_nano.a(lib_a-memcpy-stub.o)
 .comment       0x00000053       0x54 c:/program files/microchip/xc32/v3.01/bin/bin/../../lib/gcc/pic32c/8.3.1/../../../../pic32c/lib/thumb/v7e-m+fp/hard\libc_nano.a(lib_a-memmove.o)
 .comment       0x00000053       0x54 c:/program files/microchip/xc32/v3.01/bin/bin/../../lib/gcc/pic32c/8.3.1/../../../../pic32c/lib/thumb/v7e-m+fp/hard\libc_nano.a(lib_a-memset.o)
 .comment       0x00000053       0x54 c:/program files/microchip/xc32/v3.01/bin/bin/../../lib/gcc/pic32c/8.3.1/../../../../pic32c/lib/thumb/v7e-m+fp/hard\libc_nano.a(lib_a-nano-callocr.o)
 .comment       0x00000053       0x54 c:/program files/microchip/xc32/v3.01/bin/bin/../../lib/gcc/pic32c/8.3.1/../../../../pic32c/lib/thumb/v7e-m+fp/hard\libc_nano.a(lib_a-nano-freer.o)
 .comment       0x00000053       0x54 c:/program files/microchip/xc32/v3.01/bin/bin/../../lib/gcc/pic32c/8.3.1/../../../../pic32c/lib/thumb/v7e-m+fp/hard\libc_nano.a(lib_a-nano-mallocr.o)
 .comment       0x00000053       0x54 c:/program files/microchip/xc32/v3.01/bin/bin/../../lib/gcc/pic32c/8.3.1/../../../../pic32c/lib/thumb/v7e-m+fp/hard\libc_nano.a(lib_a-nano-vfprintf.o)
 .comment       0x00000053       0x54 c:/program files/microchip/xc32/v3.01/bin/bin/../../lib/gcc/pic32c/8.3.1/../../../../pic32c/lib/thumb/v7e-m+fp/hard\libc_nano.a(lib_a-nano-vfprintf_float.o)
 .comment       0x00000053       0x54 c:/program files/microchip/xc32/v3.01/bin/bin/../../lib/gcc/pic32c/8.3.1/../../../../pic32c/lib/thumb/v7e-m+fp/hard\libc_nano.a(lib_a-nano-vfprintf_i.o)
 .comment       0x00000053       0x54 c:/program files/microchip/xc32/v3.01/bin/bin/../../lib/gcc/pic32c/8.3.1/../../../../pic32c/lib/thumb/v7e-m+fp/hard\libc_nano.a(lib_a-rand.o)
 .comment       0x00000053       0x54 c:/program files/microchip/xc32/v3.01/bin/bin/../../lib/gcc/pic32c/8.3.1/../../../../pic32c/lib/thumb/v7e-m+fp/hard\libc_nano.a(lib_a-sbrkr.o)
 .comment       0x00000053       0x54 c:/program files/microchip/xc32/v3.01/bin/bin/../../lib/gcc/pic32c/8.3.1/../../../../pic32c/lib/thumb/v7e-m+fp/hard\libc_nano.a(lib_a-snprintf.o)
 .comment       0x00000053       0x54 c:/program files/microchip/xc32/v3.01/bin/bin/../../lib/gcc/pic32c/8.3.1/../../../../pic32c/lib/thumb/v7e-m+fp/hard\libc_nano.a(lib_a-sprintf.o)
 .comment       0x00000053       0x54 c:/program files/microchip/xc32/v3.01/bin/bin/../../lib/gcc/pic32c/8.3.1/../../../../pic32c/lib/thumb/v7e-m+fp/hard\libc_nano.a(lib_a-strchr.o)
 .comment       0x00000053       0x54 c:/program files/microchip/xc32/v3.01/bin/bin/../../lib/gcc/pic32c/8.3.1/../../../../pic32c/lib/thumb/v7e-m+fp/hard\libc_nano.a(lib_a-strcpy.o)
 .comment       0x00000053       0x54 c:/program files/microchip/xc32/v3.01/bin/bin/../../lib/gcc/pic32c/8.3.1/../../../../pic32c/lib/thumb/v7e-m+fp/hard\libc_nano.a(lib_a-strncmp.o)
 .comment       0x00000053       0x54 c:/program files/microchip/xc32/v3.01/bin/bin/../../lib/gcc/pic32c/8.3.1/../../../../pic32c/lib/thumb/v7e-m+fp/hard\libc_nano.a(lib_a-strncpy.o)
 .comment       0x00000053       0x54 c:/program files/microchip/xc32/v3.01/bin/bin/../../lib/gcc/pic32c/8.3.1/../../../../pic32c/lib/thumb/v7e-m+fp/hard\libc_nano.a(lib_a-strtok.o)
 .comment       0x00000053       0x54 c:/program files/microchip/xc32/v3.01/bin/bin/../../lib/gcc/pic32c/8.3.1/../../../../pic32c/lib/thumb/v7e-m+fp/hard\libc_nano.a(lib_a-strtok_r.o)
 .comment       0x00000053       0x54 c:/program files/microchip/xc32/v3.01/bin/bin/../../lib/gcc/pic32c/8.3.1/../../../../pic32c/lib/thumb/v7e-m+fp/hard\libc_nano.a(lib_a-strtol.o)
 .comment       0x00000053       0x54 c:/program files/microchip/xc32/v3.01/bin/bin/../../lib/gcc/pic32c/8.3.1/../../../../pic32c/lib/thumb/v7e-m+fp/hard\libc_nano.a(lib_a-vsnprintf.o)
 .comment       0x00000053       0x54 c:/program files/microchip/xc32/v3.01/bin/bin/../../lib/gcc/pic32c/8.3.1/../../../../pic32c/lib/thumb/v7e-m+fp/hard\libc_nano.a(lib_a-wsetup.o)
 .comment       0x00000053       0x54 c:/program files/microchip/xc32/v3.01/bin/bin/../../lib/gcc/pic32c/8.3.1/../../../../pic32c/lib/thumb/v7e-m+fp/hard\libc_nano.a(lib_a-__ssfputs.o)
 .comment       0x00000053       0x54 c:/program files/microchip/xc32/v3.01/bin/bin/../../lib/gcc/pic32c/8.3.1/../../../../pic32c/lib/thumb/v7e-m+fp/hard\libc_nano.a(lib_a-abort.o)
 .comment       0x00000053       0x54 c:/program files/microchip/xc32/v3.01/bin/bin/../../lib/gcc/pic32c/8.3.1/../../../../pic32c/lib/thumb/v7e-m+fp/hard\libc_nano.a(lib_a-dtoa.o)
 .comment       0x00000053       0x54 c:/program files/microchip/xc32/v3.01/bin/bin/../../lib/gcc/pic32c/8.3.1/../../../../pic32c/lib/thumb/v7e-m+fp/hard\libc_nano.a(lib_a-findfp.o)
 .comment       0x00000053       0x54 c:/program files/microchip/xc32/v3.01/bin/bin/../../lib/gcc/pic32c/8.3.1/../../../../pic32c/lib/thumb/v7e-m+fp/hard\libc_nano.a(lib_a-fputwc.o)
 .comment       0x00000053       0x54 c:/program files/microchip/xc32/v3.01/bin/bin/../../lib/gcc/pic32c/8.3.1/../../../../pic32c/lib/thumb/v7e-m+fp/hard\libc_nano.a(lib_a-fwalk.o)
 .comment       0x00000053       0x54 c:/program files/microchip/xc32/v3.01/bin/bin/../../lib/gcc/pic32c/8.3.1/../../../../pic32c/lib/thumb/v7e-m+fp/hard\libc_nano.a(lib_a-locale.o)
 .comment       0x00000053       0x54 c:/program files/microchip/xc32/v3.01/bin/bin/../../lib/gcc/pic32c/8.3.1/../../../../pic32c/lib/thumb/v7e-m+fp/hard\libc_nano.a(lib_a-localeconv.o)
 .comment       0x00000053       0x54 c:/program files/microchip/xc32/v3.01/bin/bin/../../lib/gcc/pic32c/8.3.1/../../../../pic32c/lib/thumb/v7e-m+fp/hard\libc_nano.a(lib_a-makebuf.o)
 .comment       0x00000053       0x54 c:/program files/microchip/xc32/v3.01/bin/bin/../../lib/gcc/pic32c/8.3.1/../../../../pic32c/lib/thumb/v7e-m+fp/hard\libc_nano.a(lib_a-mbtowc_r.o)
 .comment       0x00000053       0x54 c:/program files/microchip/xc32/v3.01/bin/bin/../../lib/gcc/pic32c/8.3.1/../../../../pic32c/lib/thumb/v7e-m+fp/hard\libc_nano.a(lib_a-mlock.o)
 .comment       0x00000053       0x54 c:/program files/microchip/xc32/v3.01/bin/bin/../../lib/gcc/pic32c/8.3.1/../../../../pic32c/lib/thumb/v7e-m+fp/hard\libc_nano.a(lib_a-mprec.o)
 .comment       0x00000053       0x54 c:/program files/microchip/xc32/v3.01/bin/bin/../../lib/gcc/pic32c/8.3.1/../../../../pic32c/lib/thumb/v7e-m+fp/hard\libc_nano.a(lib_a-nano-svfprintf.o)
 .comment       0x00000053       0x54 c:/program files/microchip/xc32/v3.01/bin/bin/../../lib/gcc/pic32c/8.3.1/../../../../pic32c/lib/thumb/v7e-m+fp/hard\libc_nano.a(lib_a-reent.o)
 .comment       0x00000053       0x54 c:/program files/microchip/xc32/v3.01/bin/bin/../../lib/gcc/pic32c/8.3.1/../../../../pic32c/lib/thumb/v7e-m+fp/hard\libc_nano.a(lib_a-signal.o)
 .comment       0x00000053       0x54 c:/program files/microchip/xc32/v3.01/bin/bin/../../lib/gcc/pic32c/8.3.1/../../../../pic32c/lib/thumb/v7e-m+fp/hard\libc_nano.a(lib_a-signalr.o)
 .comment       0x00000053       0x54 c:/program files/microchip/xc32/v3.01/bin/bin/../../lib/gcc/pic32c/8.3.1/../../../../pic32c/lib/thumb/v7e-m+fp/hard\libc_nano.a(lib_a-stdio.o)
 .comment       0x00000053       0x54 c:/program files/microchip/xc32/v3.01/bin/bin/../../lib/gcc/pic32c/8.3.1/../../../../pic32c/lib/thumb/v7e-m+fp/hard\libc_nano.a(lib_a-wbuf.o)
 .comment       0x00000053       0x54 c:/program files/microchip/xc32/v3.01/bin/bin/../../lib/gcc/pic32c/8.3.1/../../../../pic32c/lib/thumb/v7e-m+fp/hard\libc_nano.a(lib_a-wcrtomb.o)
 .comment       0x00000053       0x54 c:/program files/microchip/xc32/v3.01/bin/bin/../../lib/gcc/pic32c/8.3.1/../../../../pic32c/lib/thumb/v7e-m+fp/hard\libc_nano.a(lib_a-wctomb_r.o)
 .comment       0x00000053       0x54 c:/program files/microchip/xc32/v3.01/bin/bin/../../lib/gcc/pic32c/8.3.1/../../../../pic32c/lib/thumb/v7e-m+fp/hard\libc_nano.a(lib_a-writer.o)
 .comment       0x00000053       0x54 c:/program files/microchip/xc32/v3.01/bin/bin/../../lib/gcc/pic32c/8.3.1/../../../../pic32c/lib/thumb/v7e-m+fp/hard\libc_nano.a(lib_a-__ssputs.o)
 .comment       0x00000053       0x54 c:/program files/microchip/xc32/v3.01/bin/bin/../../lib/gcc/pic32c/8.3.1/../../../../pic32c/lib/thumb/v7e-m+fp/hard\libc_nano.a(lib_a-closer.o)
 .comment       0x00000053       0x54 c:/program files/microchip/xc32/v3.01/bin/bin/../../lib/gcc/pic32c/8.3.1/../../../../pic32c/lib/thumb/v7e-m+fp/hard\libc_nano.a(lib_a-fflush.o)
 .comment       0x00000053       0x54 c:/program files/microchip/xc32/v3.01/bin/bin/../../lib/gcc/pic32c/8.3.1/../../../../pic32c/lib/thumb/v7e-m+fp/hard\libc_nano.a(lib_a-fstatr.o)
 .comment       0x00000053       0x54 c:/program files/microchip/xc32/v3.01/bin/bin/../../lib/gcc/pic32c/8.3.1/../../../../pic32c/lib/thumb/v7e-m+fp/hard\libc_nano.a(lib_a-isattyr.o)
 .comment       0x00000053       0x54 c:/program files/microchip/xc32/v3.01/bin/bin/../../lib/gcc/pic32c/8.3.1/../../../../pic32c/lib/thumb/v7e-m+fp/hard\libc_nano.a(lib_a-lseekr.o)
 .comment       0x00000053       0x54 c:/program files/microchip/xc32/v3.01/bin/bin/../../lib/gcc/pic32c/8.3.1/../../../../pic32c/lib/thumb/v7e-m+fp/hard\libc_nano.a(lib_a-nano-reallocr.o)
 .comment       0x00000053       0x54 c:/program files/microchip/xc32/v3.01/bin/bin/../../lib/gcc/pic32c/8.3.1/../../../../pic32c/lib/thumb/v7e-m+fp/hard\libc_nano.a(lib_a-readr.o)
 .comment       0x00000053       0x54 c:/program files/microchip/xc32/v3.01/bin/bin/../../lib/gcc/pic32c/8.3.1/../../../../pic32c/lib/thumb/v7e-m+fp/hard\libc_nano.a(lib_a-nano-msizer.o)
 .comment       0x00000053       0x54 c:/program files/microchip/xc32/v3.01/bin/bin/../../lib/gcc/pic32c/8.3.1/../../../../pic32c/lib/thumb/v7e-m+fp/hard\libpic32c.a(_close.o)
 .comment       0x00000053       0x54 c:/program files/microchip/xc32/v3.01/bin/bin/../../lib/gcc/pic32c/8.3.1/../../../../pic32c/lib/thumb/v7e-m+fp/hard\libpic32c.a(_fstat.o)
 .comment       0x00000053       0x54 c:/program files/microchip/xc32/v3.01/bin/bin/../../lib/gcc/pic32c/8.3.1/../../../../pic32c/lib/thumb/v7e-m+fp/hard\libpic32c.a(_getpid.o)
 .comment       0x00000053       0x54 c:/program files/microchip/xc32/v3.01/bin/bin/../../lib/gcc/pic32c/8.3.1/../../../../pic32c/lib/thumb/v7e-m+fp/hard\libpic32c.a(_isatty.o)
 .comment       0x00000053       0x54 c:/program files/microchip/xc32/v3.01/bin/bin/../../lib/gcc/pic32c/8.3.1/../../../../pic32c/lib/thumb/v7e-m+fp/hard\libpic32c.a(_kill.o)
 .comment       0x00000053       0x54 c:/program files/microchip/xc32/v3.01/bin/bin/../../lib/gcc/pic32c/8.3.1/../../../../pic32c/lib/thumb/v7e-m+fp/hard\libpic32c.a(_lseek.o)
 .comment       0x00000053       0x54 c:/program files/microchip/xc32/v3.01/bin/bin/../../lib/gcc/pic32c/8.3.1/../../../../pic32c/lib/thumb/v7e-m+fp/hard\libpic32c.a(_read.o)
 .comment       0x00000053       0x54 c:/program files/microchip/xc32/v3.01/bin/bin/../../lib/gcc/pic32c/8.3.1/../../../../pic32c/lib/thumb/v7e-m+fp/hard\libpic32c.a(sbrk.o)
 .comment       0x00000053       0x54 c:/program files/microchip/xc32/v3.01/bin/bin/../../lib/gcc/pic32c/8.3.1/../../../../pic32c/lib/thumb/v7e-m+fp/hard\libpic32c.a(_write.o)
 .comment       0x00000053       0x54 c:/program files/microchip/xc32/v3.01/bin/bin/../../lib/gcc/pic32c/8.3.1/../../../../pic32c/lib/thumb/v7e-m+fp/hard\libpic32c.a(close.o)
 .comment       0x00000053       0x54 c:/program files/microchip/xc32/v3.01/bin/bin/../../lib/gcc/pic32c/8.3.1/../../../../pic32c/lib/thumb/v7e-m+fp/hard\libpic32c.a(fstat.o)
 .comment       0x00000053       0x54 c:/program files/microchip/xc32/v3.01/bin/bin/../../lib/gcc/pic32c/8.3.1/../../../../pic32c/lib/thumb/v7e-m+fp/hard\libpic32c.a(getpid.o)
 .comment       0x00000053       0x54 c:/program files/microchip/xc32/v3.01/bin/bin/../../lib/gcc/pic32c/8.3.1/../../../../pic32c/lib/thumb/v7e-m+fp/hard\libpic32c.a(isatty.o)
 .comment       0x00000053       0x54 c:/program files/microchip/xc32/v3.01/bin/bin/../../lib/gcc/pic32c/8.3.1/../../../../pic32c/lib/thumb/v7e-m+fp/hard\libpic32c.a(kill.o)
 .comment       0x00000053       0x54 c:/program files/microchip/xc32/v3.01/bin/bin/../../lib/gcc/pic32c/8.3.1/../../../../pic32c/lib/thumb/v7e-m+fp/hard\libpic32c.a(lseek.o)
 .comment       0x00000053       0x54 c:/program files/microchip/xc32/v3.01/bin/bin/../../lib/gcc/pic32c/8.3.1/../../../../pic32c/lib/thumb/v7e-m+fp/hard\libpic32c.a(read.o)
 .comment       0x00000053       0x54 c:/program files/microchip/xc32/v3.01/bin/bin/../../lib/gcc/pic32c/8.3.1/../../../../pic32c/lib/thumb/v7e-m+fp/hard\libpic32c.a(write.o)

.debug_info     0x00000000   0x11107c
 .debug_info    0x00000000     0x4c61 build/FreeRTOS/production/_ext/1609394304/crypto.o
 .debug_info    0x00004c61     0x8be9 build/FreeRTOS/production/_ext/1231519722/drv_ethphy.o
 .debug_info    0x0000d84a     0x436a build/FreeRTOS/production/_ext/1231519722/drv_extphy_lan867x.o
 .debug_info    0x00011bb4     0xb15e build/FreeRTOS/production/_ext/41526634/drv_gmac.o
 .debug_info    0x0001cd12     0x9930 build/FreeRTOS/production/_ext/41526634/drv_gmac_lib_samE5x.o
 .debug_info    0x00026642     0x51db build/FreeRTOS/production/_ext/1149484450/drv_miim.o
 .debug_info    0x0002b81d     0x1316 build/FreeRTOS/production/_ext/540595297/helpers.o
 .debug_info    0x0002cb33     0x5b3c build/FreeRTOS/production/_ext/540595297/icmp.o
 .debug_info    0x0003266f     0xcd75 build/FreeRTOS/production/_ext/540595297/tcp.o
 .debug_info    0x0003f3e4     0x7efe build/FreeRTOS/production/_ext/540595297/arp.o
 .debug_info    0x000472e2     0x9719 build/FreeRTOS/production/_ext/540595297/tcpip_commands.o
 .debug_info    0x000509fb     0x8bb2 build/FreeRTOS/production/_ext/540595297/iperf.o
 .debug_info    0x000595ad     0x8b7c build/FreeRTOS/production/_ext/540595297/ipv4.o
 .debug_info    0x00062129     0x368b build/FreeRTOS/production/_ext/540595297/tcpip_heap_alloc.o
 .debug_info    0x000657b4     0x40d0 build/FreeRTOS/production/_ext/540595297/tcpip_heap_internal.o
 .debug_info    0x00069884     0xaac7 build/FreeRTOS/production/_ext/540595297/dhcp.o
 .debug_info    0x0007434b     0x8e38 build/FreeRTOS/production/_ext/540595297/dns.o
 .debug_info    0x0007d183     0x1053 build/FreeRTOS/production/_ext/540595297/hash_fnv.o
 .debug_info    0x0007e1d6     0x1795 build/FreeRTOS/production/_ext/540595297/oahash.o
 .debug_info    0x0007f96b     0x6359 build/FreeRTOS/production/_ext/540595297/tcpip_helpers.o
 .debug_info    0x00085cc4     0xd38c build/FreeRTOS/production/_ext/540595297/tcpip_manager.o
 .debug_info    0x00093050     0x372a build/FreeRTOS/production/_ext/540595297/tcpip_notify.o
 .debug_info    0x0009677a     0x47a4 build/FreeRTOS/production/_ext/540595297/tcpip_packet.o
 .debug_info    0x0009af1e     0xa1e4 build/FreeRTOS/production/_ext/540595297/udp.o
 .debug_info    0x000a5102      0xc4c build/FreeRTOS/production/_ext/891571577/osal_freertos.o
 .debug_info    0x000a5d4e      0xc0c build/FreeRTOS/production/_ext/892004133/plib_clock.o
 .debug_info    0x000a695a      0x392 build/FreeRTOS/production/_ext/894153619/plib_evsys.o
 .debug_info    0x000a6cec     0x17dd build/FreeRTOS/production/_ext/1494909205/plib_nvic.o
 .debug_info    0x000a84c9     0x196a build/FreeRTOS/production/_ext/320424729/plib_nvmctrl.o
 .debug_info    0x000a9e33     0x1161 build/FreeRTOS/production/_ext/1494856054/plib_port.o
 .debug_info    0x000aaf94     0x1566 build/FreeRTOS/production/_ext/1428073114/plib_sercom0_spi_master.o
 .debug_info    0x000ac4fa     0x213a build/FreeRTOS/production/_ext/2092608928/plib_sercom1_usart.o
 .debug_info    0x000ae634      0xd42 build/FreeRTOS/production/_ext/579449528/plib_tc0.o
 .debug_info    0x000af376      0x2e4 build/FreeRTOS/production/_ext/1872641887/xc32_monitor.o
 .debug_info    0x000af65a     0x3392 build/FreeRTOS/production/_ext/1005353002/sys_command.o
 .debug_info    0x000b29ec     0x581e build/FreeRTOS/production/_ext/548640822/sys_console_uart.o
 .debug_info    0x000b820a     0x208c build/FreeRTOS/production/_ext/548640822/sys_console.o
 .debug_info    0x000ba296     0x13d1 build/FreeRTOS/production/_ext/147610190/sys_debug.o
 .debug_info    0x000bb667     0x1238 build/FreeRTOS/production/_ext/1690414130/sys_int.o
 .debug_info    0x000bc89f      0x653 build/FreeRTOS/production/_ext/1093154855/sys_reset.o
 .debug_info    0x000bcef2     0x3e93 build/FreeRTOS/production/_ext/832704728/sys_time.o
 .debug_info    0x000c0d85      0x716 build/FreeRTOS/production/_ext/2072568807/sys_time_h2_adapter.o
 .debug_info    0x000c149b     0x12d7 build/FreeRTOS/production/_ext/2072568807/sys_random_h2_adapter.o
 .debug_info    0x000c2772     0x4bde build/FreeRTOS/production/_ext/161576091/tasks.o
 .debug_info    0x000c7350     0x7c3f build/FreeRTOS/production/_ext/161576091/initialization.o
 .debug_info    0x000cef8f     0x5c61 build/FreeRTOS/production/_ext/161576091/interrupts.o
 .debug_info    0x000d4bf0     0x48c7 build/FreeRTOS/production/_ext/161576091/exceptions.o
 .debug_info    0x000d94b7      0x99d build/FreeRTOS/production/_ext/161576091/startup_xc32.o
 .debug_info    0x000d9e54      0xf77 build/FreeRTOS/production/_ext/161576091/libc_syscalls.o
 .debug_info    0x000dadcb      0x577 build/FreeRTOS/production/_ext/161576091/freertos_hooks.o
 .debug_info    0x000db342      0x7d1 build/FreeRTOS/production/_ext/246609638/port.o
 .debug_info    0x000dbb13     0x1110 build/FreeRTOS/production/_ext/1665200909/heap_1.o
 .debug_info    0x000dcc23     0x1233 build/FreeRTOS/production/_ext/404212886/list.o
 .debug_info    0x000dde56     0x2d60 build/FreeRTOS/production/_ext/404212886/queue.o
 .debug_info    0x000e0bb6     0x3a78 build/FreeRTOS/production/_ext/404212886/FreeRTOS_tasks.o
 .debug_info    0x000e462e     0x155b build/FreeRTOS/production/_ext/1434865757/gfx_mono_framebuffer.o
 .debug_info    0x000e5b89     0x1ded build/FreeRTOS/production/_ext/1434865757/gfx_mono_generic.o
 .debug_info    0x000e7976     0x1c81 build/FreeRTOS/production/_ext/1434865757/gfx_mono_text.o
 .debug_info    0x000e95f7     0x1a1b build/FreeRTOS/production/_ext/1434865757/gfx_mono_ug_2832hsweg04.o
 .debug_info    0x000eb012     0x1673 build/FreeRTOS/production/_ext/1434865757/gfx_ssd1306.o
 .debug_info    0x000ec685     0x107e build/FreeRTOS/production/_ext/1434865757/gfx_sysfont.o
 .debug_info    0x000ed703     0x2ed2 build/FreeRTOS/production/_ext/172253694/crypt_wolfcryptcb.o
 .debug_info    0x000f05d5     0x5133 build/FreeRTOS/production/_ext/1664057780/cryptocb.o
 .debug_info    0x000f5708     0x3110 build/FreeRTOS/production/_ext/1664057780/md5.o
 .debug_info    0x000f8818     0x48e4 build/FreeRTOS/production/_ext/1664057780/random.o
 .debug_info    0x000fd0fc     0x4914 build/FreeRTOS/production/_ext/1664057780/sha256.o
 .debug_info    0x00101a10     0x5cac build/FreeRTOS/production/_ext/1360937237/app.o
 .debug_info    0x001076bc     0x481d build/FreeRTOS/production/_ext/1360937237/main.o
 .debug_info    0x0010bed9      0x2cd c:/program files/microchip/xc32/v3.01/bin/bin/../../lib/gcc/pic32c/8.3.1/../../../../pic32c/lib/thumb/v7e-m+fp/hard\libpic32c.a(data_init.o)
 .debug_info    0x0010c1a6       0x26 c:/program files/microchip/xc32/v3.01/bin/bin/../../lib/gcc/pic32c/8.3.1/thumb/v7e-m+fp/hard\libgcc.a(_arm_addsubdf3.o)
 .debug_info    0x0010c1cc       0x26 c:/program files/microchip/xc32/v3.01/bin/bin/../../lib/gcc/pic32c/8.3.1/thumb/v7e-m+fp/hard\libgcc.a(_arm_muldivdf3.o)
 .debug_info    0x0010c1f2       0x26 c:/program files/microchip/xc32/v3.01/bin/bin/../../lib/gcc/pic32c/8.3.1/thumb/v7e-m+fp/hard\libgcc.a(_arm_cmpdf2.o)
 .debug_info    0x0010c218       0x26 c:/program files/microchip/xc32/v3.01/bin/bin/../../lib/gcc/pic32c/8.3.1/thumb/v7e-m+fp/hard\libgcc.a(_arm_fixunsdfsi.o)
 .debug_info    0x0010c23e       0x26 c:/program files/microchip/xc32/v3.01/bin/bin/../../lib/gcc/pic32c/8.3.1/thumb/v7e-m+fp/hard\libgcc.a(_aeabi_uldivmod.o)
 .debug_info    0x0010c264     0x1fdc c:/program files/microchip/xc32/v3.01/bin/bin/../../lib/gcc/pic32c/8.3.1/thumb/v7e-m+fp/hard\libgcc.a(_udivmoddi4.o)
 .debug_info    0x0010e240       0x26 c:/program files/microchip/xc32/v3.01/bin/bin/../../lib/gcc/pic32c/8.3.1/thumb/v7e-m+fp/hard\libgcc.a(_dvmd_tls.o)
 .debug_info    0x0010e266      0x2b2 c:/program files/microchip/xc32/v3.01/bin/bin/../../lib/gcc/pic32c/8.3.1/../../../../pic32c/lib/thumb/v7e-m+fp/hard\libpic32c.a(_close.o)
 .debug_info    0x0010e518      0x2b2 c:/program files/microchip/xc32/v3.01/bin/bin/../../lib/gcc/pic32c/8.3.1/../../../../pic32c/lib/thumb/v7e-m+fp/hard\libpic32c.a(_fstat.o)
 .debug_info    0x0010e7ca      0x2b4 c:/program files/microchip/xc32/v3.01/bin/bin/../../lib/gcc/pic32c/8.3.1/../../../../pic32c/lib/thumb/v7e-m+fp/hard\libpic32c.a(_getpid.o)
 .debug_info    0x0010ea7e      0x2b4 c:/program files/microchip/xc32/v3.01/bin/bin/../../lib/gcc/pic32c/8.3.1/../../../../pic32c/lib/thumb/v7e-m+fp/hard\libpic32c.a(_isatty.o)
 .debug_info    0x0010ed32      0x2b0 c:/program files/microchip/xc32/v3.01/bin/bin/../../lib/gcc/pic32c/8.3.1/../../../../pic32c/lib/thumb/v7e-m+fp/hard\libpic32c.a(_kill.o)
 .debug_info    0x0010efe2      0x2b2 c:/program files/microchip/xc32/v3.01/bin/bin/../../lib/gcc/pic32c/8.3.1/../../../../pic32c/lib/thumb/v7e-m+fp/hard\libpic32c.a(_lseek.o)
 .debug_info    0x0010f294      0x2b0 c:/program files/microchip/xc32/v3.01/bin/bin/../../lib/gcc/pic32c/8.3.1/../../../../pic32c/lib/thumb/v7e-m+fp/hard\libpic32c.a(_read.o)
 .debug_info    0x0010f544      0x2b0 c:/program files/microchip/xc32/v3.01/bin/bin/../../lib/gcc/pic32c/8.3.1/../../../../pic32c/lib/thumb/v7e-m+fp/hard\libpic32c.a(sbrk.o)
 .debug_info    0x0010f7f4      0x2b2 c:/program files/microchip/xc32/v3.01/bin/bin/../../lib/gcc/pic32c/8.3.1/../../../../pic32c/lib/thumb/v7e-m+fp/hard\libpic32c.a(_write.o)
 .debug_info    0x0010faa6      0x2b1 c:/program files/microchip/xc32/v3.01/bin/bin/../../lib/gcc/pic32c/8.3.1/../../../../pic32c/lib/thumb/v7e-m+fp/hard\libpic32c.a(close.o)
 .debug_info    0x0010fd57      0x2b1 c:/program files/microchip/xc32/v3.01/bin/bin/../../lib/gcc/pic32c/8.3.1/../../../../pic32c/lib/thumb/v7e-m+fp/hard\libpic32c.a(fstat.o)
 .debug_info    0x00110008      0x2b3 c:/program files/microchip/xc32/v3.01/bin/bin/../../lib/gcc/pic32c/8.3.1/../../../../pic32c/lib/thumb/v7e-m+fp/hard\libpic32c.a(getpid.o)
 .debug_info    0x001102bb      0x2b3 c:/program files/microchip/xc32/v3.01/bin/bin/../../lib/gcc/pic32c/8.3.1/../../../../pic32c/lib/thumb/v7e-m+fp/hard\libpic32c.a(isatty.o)
 .debug_info    0x0011056e      0x2af c:/program files/microchip/xc32/v3.01/bin/bin/../../lib/gcc/pic32c/8.3.1/../../../../pic32c/lib/thumb/v7e-m+fp/hard\libpic32c.a(kill.o)
 .debug_info    0x0011081d      0x2b1 c:/program files/microchip/xc32/v3.01/bin/bin/../../lib/gcc/pic32c/8.3.1/../../../../pic32c/lib/thumb/v7e-m+fp/hard\libpic32c.a(lseek.o)
 .debug_info    0x00110ace      0x2b0 c:/program files/microchip/xc32/v3.01/bin/bin/../../lib/gcc/pic32c/8.3.1/../../../../pic32c/lib/thumb/v7e-m+fp/hard\libpic32c.a(read.o)
 .debug_info    0x00110d7e      0x2b2 c:/program files/microchip/xc32/v3.01/bin/bin/../../lib/gcc/pic32c/8.3.1/../../../../pic32c/lib/thumb/v7e-m+fp/hard\libpic32c.a(write.o)
 .debug_info    0x00111030       0x26 c:/program files/microchip/xc32/v3.01/bin/bin/../../lib/gcc/pic32c/8.3.1/thumb/v7e-m+fp/hard\libgcc.a(_arm_unorddf2.o)
 .debug_info    0x00111056       0x26 c:/program files/microchip/xc32/v3.01/bin/bin/../../lib/gcc/pic32c/8.3.1/thumb/v7e-m+fp/hard\libgcc.a(_arm_fixdfsi.o)

.debug_abbrev   0x00000000    0x109cb
 .debug_abbrev  0x00000000      0x429 build/FreeRTOS/production/_ext/1609394304/crypto.o
 .debug_abbrev  0x00000429      0x5c7 build/FreeRTOS/production/_ext/1231519722/drv_ethphy.o
 .debug_abbrev  0x000009f0      0x459 build/FreeRTOS/production/_ext/1231519722/drv_extphy_lan867x.o
 .debug_abbrev  0x00000e49      0x6a3 build/FreeRTOS/production/_ext/41526634/drv_gmac.o
 .debug_abbrev  0x000014ec      0x674 build/FreeRTOS/production/_ext/41526634/drv_gmac_lib_samE5x.o
 .debug_abbrev  0x00001b60      0x6b9 build/FreeRTOS/production/_ext/1149484450/drv_miim.o
 .debug_abbrev  0x00002219      0x2e2 build/FreeRTOS/production/_ext/540595297/helpers.o
 .debug_abbrev  0x000024fb      0x5e2 build/FreeRTOS/production/_ext/540595297/icmp.o
 .debug_abbrev  0x00002add      0x6fd build/FreeRTOS/production/_ext/540595297/tcp.o
 .debug_abbrev  0x000031da      0x657 build/FreeRTOS/production/_ext/540595297/arp.o
 .debug_abbrev  0x00003831      0x588 build/FreeRTOS/production/_ext/540595297/tcpip_commands.o
 .debug_abbrev  0x00003db9      0x5db build/FreeRTOS/production/_ext/540595297/iperf.o
 .debug_abbrev  0x00004394      0x5fb build/FreeRTOS/production/_ext/540595297/ipv4.o
 .debug_abbrev  0x0000498f      0x301 build/FreeRTOS/production/_ext/540595297/tcpip_heap_alloc.o
 .debug_abbrev  0x00004c90      0x4b4 build/FreeRTOS/production/_ext/540595297/tcpip_heap_internal.o
 .debug_abbrev  0x00005144      0x693 build/FreeRTOS/production/_ext/540595297/dhcp.o
 .debug_abbrev  0x000057d7      0x609 build/FreeRTOS/production/_ext/540595297/dns.o
 .debug_abbrev  0x00005de0      0x213 build/FreeRTOS/production/_ext/540595297/hash_fnv.o
 .debug_abbrev  0x00005ff3      0x3c1 build/FreeRTOS/production/_ext/540595297/oahash.o
 .debug_abbrev  0x000063b4      0x5cd build/FreeRTOS/production/_ext/540595297/tcpip_helpers.o
 .debug_abbrev  0x00006981      0x79b build/FreeRTOS/production/_ext/540595297/tcpip_manager.o
 .debug_abbrev  0x0000711c      0x395 build/FreeRTOS/production/_ext/540595297/tcpip_notify.o
 .debug_abbrev  0x000074b1      0x578 build/FreeRTOS/production/_ext/540595297/tcpip_packet.o
 .debug_abbrev  0x00007a29      0x68c build/FreeRTOS/production/_ext/540595297/udp.o
 .debug_abbrev  0x000080b5      0x1f5 build/FreeRTOS/production/_ext/891571577/osal_freertos.o
 .debug_abbrev  0x000082aa      0x135 build/FreeRTOS/production/_ext/892004133/plib_clock.o
 .debug_abbrev  0x000083df       0x64 build/FreeRTOS/production/_ext/894153619/plib_evsys.o
 .debug_abbrev  0x00008443      0x206 build/FreeRTOS/production/_ext/1494909205/plib_nvic.o
 .debug_abbrev  0x00008649      0x353 build/FreeRTOS/production/_ext/320424729/plib_nvmctrl.o
 .debug_abbrev  0x0000899c      0x1e9 build/FreeRTOS/production/_ext/1494856054/plib_port.o
 .debug_abbrev  0x00008b85      0x2ad build/FreeRTOS/production/_ext/1428073114/plib_sercom0_spi_master.o
 .debug_abbrev  0x00008e32      0x484 build/FreeRTOS/production/_ext/2092608928/plib_sercom1_usart.o
 .debug_abbrev  0x000092b6      0x1f9 build/FreeRTOS/production/_ext/579449528/plib_tc0.o
 .debug_abbrev  0x000094af       0x80 build/FreeRTOS/production/_ext/1872641887/xc32_monitor.o
 .debug_abbrev  0x0000952f      0x533 build/FreeRTOS/production/_ext/1005353002/sys_command.o
 .debug_abbrev  0x00009a62      0x4aa build/FreeRTOS/production/_ext/548640822/sys_console_uart.o
 .debug_abbrev  0x00009f0c      0x462 build/FreeRTOS/production/_ext/548640822/sys_console.o
 .debug_abbrev  0x0000a36e      0x28d build/FreeRTOS/production/_ext/147610190/sys_debug.o
 .debug_abbrev  0x0000a5fb      0x253 build/FreeRTOS/production/_ext/1690414130/sys_int.o
 .debug_abbrev  0x0000a84e      0x102 build/FreeRTOS/production/_ext/1093154855/sys_reset.o
 .debug_abbrev  0x0000a950      0x653 build/FreeRTOS/production/_ext/832704728/sys_time.o
 .debug_abbrev  0x0000afa3      0x16f build/FreeRTOS/production/_ext/2072568807/sys_time_h2_adapter.o
 .debug_abbrev  0x0000b112      0x29f build/FreeRTOS/production/_ext/2072568807/sys_random_h2_adapter.o
 .debug_abbrev  0x0000b3b1      0x315 build/FreeRTOS/production/_ext/161576091/tasks.o
 .debug_abbrev  0x0000b6c6      0x3a6 build/FreeRTOS/production/_ext/161576091/initialization.o
 .debug_abbrev  0x0000ba6c      0x2a5 build/FreeRTOS/production/_ext/161576091/interrupts.o
 .debug_abbrev  0x0000bd11      0x298 build/FreeRTOS/production/_ext/161576091/exceptions.o
 .debug_abbrev  0x0000bfa9      0x209 build/FreeRTOS/production/_ext/161576091/startup_xc32.o
 .debug_abbrev  0x0000c1b2      0x1d3 build/FreeRTOS/production/_ext/161576091/libc_syscalls.o
 .debug_abbrev  0x0000c385      0x13f build/FreeRTOS/production/_ext/161576091/freertos_hooks.o
 .debug_abbrev  0x0000c4c4      0x217 build/FreeRTOS/production/_ext/246609638/port.o
 .debug_abbrev  0x0000c6db      0x2af build/FreeRTOS/production/_ext/1665200909/heap_1.o
 .debug_abbrev  0x0000c98a      0x270 build/FreeRTOS/production/_ext/404212886/list.o
 .debug_abbrev  0x0000cbfa      0x484 build/FreeRTOS/production/_ext/404212886/queue.o
 .debug_abbrev  0x0000d07e      0x545 build/FreeRTOS/production/_ext/404212886/FreeRTOS_tasks.o
 .debug_abbrev  0x0000d5c3      0x2f6 build/FreeRTOS/production/_ext/1434865757/gfx_mono_framebuffer.o
 .debug_abbrev  0x0000d8b9      0x2fd build/FreeRTOS/production/_ext/1434865757/gfx_mono_generic.o
 .debug_abbrev  0x0000dbb6      0x3d5 build/FreeRTOS/production/_ext/1434865757/gfx_mono_text.o
 .debug_abbrev  0x0000df8b      0x3d7 build/FreeRTOS/production/_ext/1434865757/gfx_mono_ug_2832hsweg04.o
 .debug_abbrev  0x0000e362      0x2c0 build/FreeRTOS/production/_ext/1434865757/gfx_ssd1306.o
 .debug_abbrev  0x0000e622      0x1e7 build/FreeRTOS/production/_ext/1434865757/gfx_sysfont.o
 .debug_abbrev  0x0000e809      0x2b4 build/FreeRTOS/production/_ext/172253694/crypt_wolfcryptcb.o
 .debug_abbrev  0x0000eabd      0x45c build/FreeRTOS/production/_ext/1664057780/cryptocb.o
 .debug_abbrev  0x0000ef19      0x400 build/FreeRTOS/production/_ext/1664057780/md5.o
 .debug_abbrev  0x0000f319      0x531 build/FreeRTOS/production/_ext/1664057780/random.o
 .debug_abbrev  0x0000f84a      0x4ed build/FreeRTOS/production/_ext/1664057780/sha256.o
 .debug_abbrev  0x0000fd37      0x46d build/FreeRTOS/production/_ext/1360937237/app.o
 .debug_abbrev  0x000101a4      0x2d1 build/FreeRTOS/production/_ext/1360937237/main.o
 .debug_abbrev  0x00010475       0x2e c:/program files/microchip/xc32/v3.01/bin/bin/../../lib/gcc/pic32c/8.3.1/../../../../pic32c/lib/thumb/v7e-m+fp/hard\libpic32c.a(data_init.o)
 .debug_abbrev  0x000104a3       0x14 c:/program files/microchip/xc32/v3.01/bin/bin/../../lib/gcc/pic32c/8.3.1/thumb/v7e-m+fp/hard\libgcc.a(_arm_addsubdf3.o)
 .debug_abbrev  0x000104b7       0x14 c:/program files/microchip/xc32/v3.01/bin/bin/../../lib/gcc/pic32c/8.3.1/thumb/v7e-m+fp/hard\libgcc.a(_arm_muldivdf3.o)
 .debug_abbrev  0x000104cb       0x14 c:/program files/microchip/xc32/v3.01/bin/bin/../../lib/gcc/pic32c/8.3.1/thumb/v7e-m+fp/hard\libgcc.a(_arm_cmpdf2.o)
 .debug_abbrev  0x000104df       0x14 c:/program files/microchip/xc32/v3.01/bin/bin/../../lib/gcc/pic32c/8.3.1/thumb/v7e-m+fp/hard\libgcc.a(_arm_fixunsdfsi.o)
 .debug_abbrev  0x000104f3       0x14 c:/program files/microchip/xc32/v3.01/bin/bin/../../lib/gcc/pic32c/8.3.1/thumb/v7e-m+fp/hard\libgcc.a(_aeabi_uldivmod.o)
 .debug_abbrev  0x00010507      0x192 c:/program files/microchip/xc32/v3.01/bin/bin/../../lib/gcc/pic32c/8.3.1/thumb/v7e-m+fp/hard\libgcc.a(_udivmoddi4.o)
 .debug_abbrev  0x00010699       0x14 c:/program files/microchip/xc32/v3.01/bin/bin/../../lib/gcc/pic32c/8.3.1/thumb/v7e-m+fp/hard\libgcc.a(_dvmd_tls.o)
 .debug_abbrev  0x000106ad       0x2b c:/program files/microchip/xc32/v3.01/bin/bin/../../lib/gcc/pic32c/8.3.1/../../../../pic32c/lib/thumb/v7e-m+fp/hard\libpic32c.a(_close.o)
 .debug_abbrev  0x000106d8       0x2b c:/program files/microchip/xc32/v3.01/bin/bin/../../lib/gcc/pic32c/8.3.1/../../../../pic32c/lib/thumb/v7e-m+fp/hard\libpic32c.a(_fstat.o)
 .debug_abbrev  0x00010703       0x2b c:/program files/microchip/xc32/v3.01/bin/bin/../../lib/gcc/pic32c/8.3.1/../../../../pic32c/lib/thumb/v7e-m+fp/hard\libpic32c.a(_getpid.o)
 .debug_abbrev  0x0001072e       0x2b c:/program files/microchip/xc32/v3.01/bin/bin/../../lib/gcc/pic32c/8.3.1/../../../../pic32c/lib/thumb/v7e-m+fp/hard\libpic32c.a(_isatty.o)
 .debug_abbrev  0x00010759       0x2b c:/program files/microchip/xc32/v3.01/bin/bin/../../lib/gcc/pic32c/8.3.1/../../../../pic32c/lib/thumb/v7e-m+fp/hard\libpic32c.a(_kill.o)
 .debug_abbrev  0x00010784       0x2b c:/program files/microchip/xc32/v3.01/bin/bin/../../lib/gcc/pic32c/8.3.1/../../../../pic32c/lib/thumb/v7e-m+fp/hard\libpic32c.a(_lseek.o)
 .debug_abbrev  0x000107af       0x2b c:/program files/microchip/xc32/v3.01/bin/bin/../../lib/gcc/pic32c/8.3.1/../../../../pic32c/lib/thumb/v7e-m+fp/hard\libpic32c.a(_read.o)
 .debug_abbrev  0x000107da       0x2e c:/program files/microchip/xc32/v3.01/bin/bin/../../lib/gcc/pic32c/8.3.1/../../../../pic32c/lib/thumb/v7e-m+fp/hard\libpic32c.a(sbrk.o)
 .debug_abbrev  0x00010808       0x2b c:/program files/microchip/xc32/v3.01/bin/bin/../../lib/gcc/pic32c/8.3.1/../../../../pic32c/lib/thumb/v7e-m+fp/hard\libpic32c.a(_write.o)
 .debug_abbrev  0x00010833       0x2e c:/program files/microchip/xc32/v3.01/bin/bin/../../lib/gcc/pic32c/8.3.1/../../../../pic32c/lib/thumb/v7e-m+fp/hard\libpic32c.a(close.o)
 .debug_abbrev  0x00010861       0x2e c:/program files/microchip/xc32/v3.01/bin/bin/../../lib/gcc/pic32c/8.3.1/../../../../pic32c/lib/thumb/v7e-m+fp/hard\libpic32c.a(fstat.o)
 .debug_abbrev  0x0001088f       0x2e c:/program files/microchip/xc32/v3.01/bin/bin/../../lib/gcc/pic32c/8.3.1/../../../../pic32c/lib/thumb/v7e-m+fp/hard\libpic32c.a(getpid.o)
 .debug_abbrev  0x000108bd       0x2e c:/program files/microchip/xc32/v3.01/bin/bin/../../lib/gcc/pic32c/8.3.1/../../../../pic32c/lib/thumb/v7e-m+fp/hard\libpic32c.a(isatty.o)
 .debug_abbrev  0x000108eb       0x2e c:/program files/microchip/xc32/v3.01/bin/bin/../../lib/gcc/pic32c/8.3.1/../../../../pic32c/lib/thumb/v7e-m+fp/hard\libpic32c.a(kill.o)
 .debug_abbrev  0x00010919       0x2e c:/program files/microchip/xc32/v3.01/bin/bin/../../lib/gcc/pic32c/8.3.1/../../../../pic32c/lib/thumb/v7e-m+fp/hard\libpic32c.a(lseek.o)
 .debug_abbrev  0x00010947       0x2e c:/program files/microchip/xc32/v3.01/bin/bin/../../lib/gcc/pic32c/8.3.1/../../../../pic32c/lib/thumb/v7e-m+fp/hard\libpic32c.a(read.o)
 .debug_abbrev  0x00010975       0x2e c:/program files/microchip/xc32/v3.01/bin/bin/../../lib/gcc/pic32c/8.3.1/../../../../pic32c/lib/thumb/v7e-m+fp/hard\libpic32c.a(write.o)
 .debug_abbrev  0x000109a3       0x14 c:/program files/microchip/xc32/v3.01/bin/bin/../../lib/gcc/pic32c/8.3.1/thumb/v7e-m+fp/hard\libgcc.a(_arm_unorddf2.o)
 .debug_abbrev  0x000109b7       0x14 c:/program files/microchip/xc32/v3.01/bin/bin/../../lib/gcc/pic32c/8.3.1/thumb/v7e-m+fp/hard\libgcc.a(_arm_fixdfsi.o)

.debug_loc      0x00000000    0x5a54f
 .debug_loc     0x00000000     0x334c build/FreeRTOS/production/_ext/1609394304/crypto.o
 .debug_loc     0x0000334c     0x4a04 build/FreeRTOS/production/_ext/1231519722/drv_ethphy.o
 .debug_loc     0x00007d50      0xe11 build/FreeRTOS/production/_ext/1231519722/drv_extphy_lan867x.o
 .debug_loc     0x00008b61     0x3003 build/FreeRTOS/production/_ext/41526634/drv_gmac.o
 .debug_loc     0x0000bb64     0x2651 build/FreeRTOS/production/_ext/41526634/drv_gmac_lib_samE5x.o
 .debug_loc     0x0000e1b5     0x2867 build/FreeRTOS/production/_ext/1149484450/drv_miim.o
 .debug_loc     0x00010a1c      0x5a1 build/FreeRTOS/production/_ext/540595297/helpers.o
 .debug_loc     0x00010fbd      0xa23 build/FreeRTOS/production/_ext/540595297/icmp.o
 .debug_loc     0x000119e0     0x82ff build/FreeRTOS/production/_ext/540595297/tcp.o
 .debug_loc     0x00019cdf     0x3b6b build/FreeRTOS/production/_ext/540595297/arp.o
 .debug_loc     0x0001d84a     0x2dbe build/FreeRTOS/production/_ext/540595297/tcpip_commands.o
 .debug_loc     0x00020608     0x2257 build/FreeRTOS/production/_ext/540595297/iperf.o
 .debug_loc     0x0002285f     0x2f0b build/FreeRTOS/production/_ext/540595297/ipv4.o
 .debug_loc     0x0002576a      0x207 build/FreeRTOS/production/_ext/540595297/tcpip_heap_alloc.o
 .debug_loc     0x00025971     0x1007 build/FreeRTOS/production/_ext/540595297/tcpip_heap_internal.o
 .debug_loc     0x00026978     0x3f8b build/FreeRTOS/production/_ext/540595297/dhcp.o
 .debug_loc     0x0002a903     0x40ae build/FreeRTOS/production/_ext/540595297/dns.o
 .debug_loc     0x0002e9b1      0x21b build/FreeRTOS/production/_ext/540595297/hash_fnv.o
 .debug_loc     0x0002ebcc      0x4ab build/FreeRTOS/production/_ext/540595297/oahash.o
 .debug_loc     0x0002f077     0x3943 build/FreeRTOS/production/_ext/540595297/tcpip_helpers.o
 .debug_loc     0x000329ba     0x7810 build/FreeRTOS/production/_ext/540595297/tcpip_manager.o
 .debug_loc     0x0003a1ca      0x458 build/FreeRTOS/production/_ext/540595297/tcpip_notify.o
 .debug_loc     0x0003a622      0xbe0 build/FreeRTOS/production/_ext/540595297/tcpip_packet.o
 .debug_loc     0x0003b202     0x4be9 build/FreeRTOS/production/_ext/540595297/udp.o
 .debug_loc     0x0003fdeb      0x727 build/FreeRTOS/production/_ext/891571577/osal_freertos.o
 .debug_loc     0x00040512      0x348 build/FreeRTOS/production/_ext/1494909205/plib_nvic.o
 .debug_loc     0x0004085a      0x5a2 build/FreeRTOS/production/_ext/320424729/plib_nvmctrl.o
 .debug_loc     0x00040dfc      0x1e8 build/FreeRTOS/production/_ext/1494856054/plib_port.o
 .debug_loc     0x00040fe4      0x640 build/FreeRTOS/production/_ext/1428073114/plib_sercom0_spi_master.o
 .debug_loc     0x00041624      0xc67 build/FreeRTOS/production/_ext/2092608928/plib_sercom1_usart.o
 .debug_loc     0x0004228b       0x5f build/FreeRTOS/production/_ext/579449528/plib_tc0.o
 .debug_loc     0x000422ea       0x25 build/FreeRTOS/production/_ext/1872641887/xc32_monitor.o
 .debug_loc     0x0004230f     0x19e3 build/FreeRTOS/production/_ext/1005353002/sys_command.o
 .debug_loc     0x00043cf2      0x852 build/FreeRTOS/production/_ext/548640822/sys_console_uart.o
 .debug_loc     0x00044544      0xc61 build/FreeRTOS/production/_ext/548640822/sys_console.o
 .debug_loc     0x000451a5       0xa1 build/FreeRTOS/production/_ext/147610190/sys_debug.o
 .debug_loc     0x00045246      0x182 build/FreeRTOS/production/_ext/1690414130/sys_int.o
 .debug_loc     0x000453c8     0x24e9 build/FreeRTOS/production/_ext/832704728/sys_time.o
 .debug_loc     0x000478b1      0x152 build/FreeRTOS/production/_ext/2072568807/sys_time_h2_adapter.o
 .debug_loc     0x00047a03      0x1dd build/FreeRTOS/production/_ext/2072568807/sys_random_h2_adapter.o
 .debug_loc     0x00047be0      0x14c build/FreeRTOS/production/_ext/161576091/tasks.o
 .debug_loc     0x00047d2c       0x7d build/FreeRTOS/production/_ext/161576091/initialization.o
 .debug_loc     0x00047da9       0x60 build/FreeRTOS/production/_ext/161576091/startup_xc32.o
 .debug_loc     0x00047e09       0x15 build/FreeRTOS/production/_ext/161576091/libc_syscalls.o
 .debug_loc     0x00047e1e       0x82 build/FreeRTOS/production/_ext/161576091/freertos_hooks.o
 .debug_loc     0x00047ea0      0x13a build/FreeRTOS/production/_ext/246609638/port.o
 .debug_loc     0x00047fda      0x116 build/FreeRTOS/production/_ext/1665200909/heap_1.o
 .debug_loc     0x000480f0       0xb2 build/FreeRTOS/production/_ext/404212886/list.o
 .debug_loc     0x000481a2     0x16e4 build/FreeRTOS/production/_ext/404212886/queue.o
 .debug_loc     0x00049886     0x212d build/FreeRTOS/production/_ext/404212886/FreeRTOS_tasks.o
 .debug_loc     0x0004b9b3      0x6e4 build/FreeRTOS/production/_ext/1434865757/gfx_mono_framebuffer.o
 .debug_loc     0x0004c097      0xf1c build/FreeRTOS/production/_ext/1434865757/gfx_mono_generic.o
 .debug_loc     0x0004cfb3      0xf47 build/FreeRTOS/production/_ext/1434865757/gfx_mono_text.o
 .debug_loc     0x0004defa      0x8bc build/FreeRTOS/production/_ext/1434865757/gfx_mono_ug_2832hsweg04.o
 .debug_loc     0x0004e7b6      0x109 build/FreeRTOS/production/_ext/1434865757/gfx_ssd1306.o
 .debug_loc     0x0004e8bf       0x45 build/FreeRTOS/production/_ext/172253694/crypt_wolfcryptcb.o
 .debug_loc     0x0004e904     0x27ea build/FreeRTOS/production/_ext/1664057780/cryptocb.o
 .debug_loc     0x000510ee     0x2df9 build/FreeRTOS/production/_ext/1664057780/md5.o
 .debug_loc     0x00053ee7     0x29ba build/FreeRTOS/production/_ext/1664057780/random.o
 .debug_loc     0x000568a1     0x284a build/FreeRTOS/production/_ext/1664057780/sha256.o
 .debug_loc     0x000590eb      0x3c7 build/FreeRTOS/production/_ext/1360937237/app.o
 .debug_loc     0x000594b2       0x20 build/FreeRTOS/production/_ext/1360937237/main.o
 .debug_loc     0x000594d2       0x14 c:/program files/microchip/xc32/v3.01/bin/bin/../../lib/gcc/pic32c/8.3.1/../../../../pic32c/lib/thumb/v7e-m+fp/hard\libpic32c.a(data_init.o)
 .debug_loc     0x000594e6     0x1041 c:/program files/microchip/xc32/v3.01/bin/bin/../../lib/gcc/pic32c/8.3.1/thumb/v7e-m+fp/hard\libgcc.a(_udivmoddi4.o)
 .debug_loc     0x0005a527       0x14 c:/program files/microchip/xc32/v3.01/bin/bin/../../lib/gcc/pic32c/8.3.1/../../../../pic32c/lib/thumb/v7e-m+fp/hard\libpic32c.a(read.o)
 .debug_loc     0x0005a53b       0x14 c:/program files/microchip/xc32/v3.01/bin/bin/../../lib/gcc/pic32c/8.3.1/../../../../pic32c/lib/thumb/v7e-m+fp/hard\libpic32c.a(write.o)

.debug_aranges  0x00000000     0x3090
 .debug_aranges
                0x00000000      0x1d0 build/FreeRTOS/production/_ext/1609394304/crypto.o
 .debug_aranges
                0x000001d0      0x248 build/FreeRTOS/production/_ext/1231519722/drv_ethphy.o
 .debug_aranges
                0x00000418       0x58 build/FreeRTOS/production/_ext/1231519722/drv_extphy_lan867x.o
 .debug_aranges
                0x00000470      0x278 build/FreeRTOS/production/_ext/41526634/drv_gmac.o
 .debug_aranges
                0x000006e8      0x140 build/FreeRTOS/production/_ext/41526634/drv_gmac_lib_samE5x.o
 .debug_aranges
                0x00000828       0xe0 build/FreeRTOS/production/_ext/1149484450/drv_miim.o
 .debug_aranges
                0x00000908       0x48 build/FreeRTOS/production/_ext/540595297/helpers.o
 .debug_aranges
                0x00000950       0x70 build/FreeRTOS/production/_ext/540595297/icmp.o
 .debug_aranges
                0x000009c0      0x230 build/FreeRTOS/production/_ext/540595297/tcp.o
 .debug_aranges
                0x00000bf0      0x110 build/FreeRTOS/production/_ext/540595297/arp.o
 .debug_aranges
                0x00000d00       0xc8 build/FreeRTOS/production/_ext/540595297/tcpip_commands.o
 .debug_aranges
                0x00000dc8       0x98 build/FreeRTOS/production/_ext/540595297/iperf.o
 .debug_aranges
                0x00000e60       0xf0 build/FreeRTOS/production/_ext/540595297/ipv4.o
 .debug_aranges
                0x00000f50       0x48 build/FreeRTOS/production/_ext/540595297/tcpip_heap_alloc.o
 .debug_aranges
                0x00000f98       0x68 build/FreeRTOS/production/_ext/540595297/tcpip_heap_internal.o
 .debug_aranges
                0x00001000      0x188 build/FreeRTOS/production/_ext/540595297/dhcp.o
 .debug_aranges
                0x00001188      0x130 build/FreeRTOS/production/_ext/540595297/dns.o
 .debug_aranges
                0x000012b8       0x28 build/FreeRTOS/production/_ext/540595297/hash_fnv.o
 .debug_aranges
                0x000012e0       0x50 build/FreeRTOS/production/_ext/540595297/oahash.o
 .debug_aranges
                0x00001330      0x218 build/FreeRTOS/production/_ext/540595297/tcpip_helpers.o
 .debug_aranges
                0x00001548      0x3a0 build/FreeRTOS/production/_ext/540595297/tcpip_manager.o
 .debug_aranges
                0x000018e8       0x48 build/FreeRTOS/production/_ext/540595297/tcpip_notify.o
 .debug_aranges
                0x00001930       0x88 build/FreeRTOS/production/_ext/540595297/tcpip_packet.o
 .debug_aranges
                0x000019b8      0x1c0 build/FreeRTOS/production/_ext/540595297/udp.o
 .debug_aranges
                0x00001b78       0x90 build/FreeRTOS/production/_ext/891571577/osal_freertos.o
 .debug_aranges
                0x00001c08       0x20 build/FreeRTOS/production/_ext/892004133/plib_clock.o
 .debug_aranges
                0x00001c28       0x20 build/FreeRTOS/production/_ext/894153619/plib_evsys.o
 .debug_aranges
                0x00001c48       0x38 build/FreeRTOS/production/_ext/1494909205/plib_nvic.o
 .debug_aranges
                0x00001c80       0xc0 build/FreeRTOS/production/_ext/320424729/plib_nvmctrl.o
 .debug_aranges
                0x00001d40       0x70 build/FreeRTOS/production/_ext/1494856054/plib_port.o
 .debug_aranges
                0x00001db0       0x60 build/FreeRTOS/production/_ext/1428073114/plib_sercom0_spi_master.o
 .debug_aranges